\BOOKMARK [0][-]{Doc-Start}{\376\377\000A\000b\000s\000t\000r\000a\000c\000t}{}% 1
\BOOKMARK [0][-]{chapter*.1}{\376\377\000A\000c\000k\000n\000o\000w\000l\000e\000d\000g\000m\000e\000n\000t}{}% 2
\BOOKMARK [0][-]{chapter*.2}{\376\377\000L\000i\000s\000t\000\040\000o\000f\000\040\000T\000a\000b\000l\000e\000s}{}% 3
\BOOKMARK [0][-]{chapter*.2}{\376\377\000L\000i\000s\000t\000\040\000o\000f\000\040\000F\000i\000g\000u\000r\000e\000s}{}% 4
\BOOKMARK [0][-]{chapter*.2}{\376\377\000L\000i\000s\000t\000\040\000o\000f\000\040\000F\000i\000g\000u\000r\000e\000s}{}% 5
\BOOKMARK [0][-]{chapter.1}{\376\377\000I\000N\000T\000R\000O\000D\000U\000C\000T\000I\000O\000N}{}% 6
\BOOKMARK [1][-]{section.1.1}{\376\377\000B\000a\000c\000k\000g\000r\000o\000u\000n\000d\000\040\000o\000f\000\040\000t\000h\000e\000\040\000S\000t\000u\000d\000y}{chapter.1}% 7
\BOOKMARK [1][-]{section.1.2}{\376\377\000P\000r\000o\000b\000l\000e\000m\000\040\000S\000t\000a\000t\000e\000m\000e\000n\000t}{chapter.1}% 8
\BOOKMARK [1][-]{section.1.3}{\376\377\000O\000b\000j\000e\000c\000t\000i\000v\000e\000s}{chapter.1}% 9
\BOOKMARK [1][-]{section.1.4}{\376\377\000P\000u\000r\000p\000o\000s\000e\000\040\000o\000f\000\040\000t\000h\000e\000\040\000S\000t\000u\000d\000y}{chapter.1}% 10
\BOOKMARK [2][-]{subsection.1.4.1}{\376\377\000T\000h\000e\000\040\000P\000u\000b\000l\000i\000c}{section.1.4}% 11
\BOOKMARK [2][-]{subsection.1.4.2}{\376\377\000G\000o\000v\000e\000r\000n\000m\000e\000n\000t}{section.1.4}% 12
\BOOKMARK [2][-]{subsection.1.4.3}{\376\377\000A\000c\000a\000d\000e\000m\000e}{section.1.4}% 13
\BOOKMARK [2][-]{subsection.1.4.4}{\376\377\000E\000C\000E\000\040\000F\000i\000e\000l\000d}{section.1.4}% 14
\BOOKMARK [2][-]{subsection.1.4.5}{\376\377\000S\000D\000G\000\040\0003\000:\000\040\000G\000o\000o\000d\000\040\000H\000e\000a\000l\000t\000h}{section.1.4}% 15
\BOOKMARK [2][-]{subsection.1.4.6}{\376\377\000S\000D\000G\000\040\0009\000:\000\040\000I\000n\000n\000o\000v\000a\000t\000i\000o\000n}{section.1.4}% 16
\BOOKMARK [2][-]{subsection.1.4.7}{\376\377\000S\000D\000G\000\040\0001\0001\000:\000\040\000C\000i\000t\000i\000e\000s}{section.1.4}% 17
\BOOKMARK [2][-]{subsection.1.4.8}{\376\377\000S\000D\000G\000\040\0001\0003\000:\000\040\000C\000l\000i\000m\000a\000t\000e}{section.1.4}% 18
\BOOKMARK [2][-]{subsection.1.4.9}{\376\377\000S\000D\000G\000\040\0001\0007\000:\000\040\000P\000a\000r\000t\000n\000e\000r\000s}{section.1.4}% 19
\BOOKMARK [1][-]{section.1.5}{\376\377\000D\000e\000f\000i\000n\000i\000t\000i\000o\000n\000\040\000o\000f\000\040\000T\000e\000r\000m\000s}{chapter.1}% 20
\BOOKMARK [0][-]{chapter.2}{\376\377\000T\000H\000E\000O\000R\000E\000T\000I\000C\000A\000L\000\040\000B\000A\000C\000K\000G\000R\000O\000U\000N\000D}{}% 21
\BOOKMARK [1][-]{section.2.1}{\376\377\000T\000h\000e\000o\000r\000i\000e\000s}{chapter.2}% 22
\BOOKMARK [2][-]{subsection.2.1.1}{\376\377\000C\000a\000l\000i\000b\000r\000a\000t\000i\000o\000n\000\040\000t\000h\000e\000o\000r\000y}{section.2.1}% 23
\BOOKMARK [2][-]{subsection.2.1.2}{\376\377\000S\000t\000a\000t\000i\000s\000t\000i\000c\000a\000l\000\040\000P\000r\000o\000c\000e\000s\000s\000\040\000C\000o\000n\000t\000r\000o\000l}{section.2.1}% 24
\BOOKMARK [2][-]{subsection.2.1.3}{\376\377\000M\000a\000c\000h\000i\000n\000e\000\040\000L\000e\000a\000r\000n\000i\000n\000g}{section.2.1}% 25
\BOOKMARK [2][-]{subsection.2.1.4}{\376\377\000S\000t\000a\000c\000k\000\040\000E\000n\000s\000e\000m\000b\000l\000e}{section.2.1}% 26
\BOOKMARK [2][-]{subsection.2.1.5}{\376\377\000V\000a\000l\000i\000d\000a\000t\000i\000o\000n}{section.2.1}% 27
\BOOKMARK [1][-]{section.2.2}{\376\377\000L\000i\000t\000e\000r\000a\000t\000u\000r\000e\000\040\000R\000e\000v\000i\000e\000w}{chapter.2}% 28
\BOOKMARK [2][-]{subsection.2.2.1}{\376\377\000C\000a\000l\000i\000b\000r\000a\000t\000i\000o\000n\000\040\000u\000s\000i\000n\000g\000\040\000r\000a\000n\000d\000o\000m\000\040\000f\000o\000r\000e\000s\000t}{section.2.2}% 29
\BOOKMARK [2][-]{subsection.2.2.2}{\376\377\000C\000a\000l\000i\000b\000r\000a\000t\000i\000o\000n\000\040\000u\000s\000i\000n\000g\000\040\000o\000t\000h\000e\000r\000\040\000m\000a\000c\000h\000i\000n\000e\000\040\000l\000e\000a\000r\000n\000i\000n\000g}{section.2.2}% 30
\BOOKMARK [2][-]{subsection.2.2.3}{\376\377\000S\000t\000a\000c\000k\000e\000d\000\040\000e\000n\000s\000e\000m\000b\000l\000e\000\040\000a\000n\000d\000\040\000h\000y\000b\000r\000i\000d\000\040\000a\000p\000p\000r\000o\000a\000c\000h\000e\000s}{section.2.2}% 31
\BOOKMARK [0][-]{chapter.3}{\376\377\000R\000E\000S\000E\000A\000R\000C\000H\000\040\000M\000E\000T\000H\000O\000D\000O\000L\000O\000G\000Y}{}% 32
\BOOKMARK [1][-]{section.3.1}{\376\377\000P\000r\000o\000p\000o\000s\000e\000d\000\040\000M\000e\000t\000h\000o\000d}{chapter.3}% 33
\BOOKMARK [1][-]{section.3.2}{\376\377\000D\000e\000s\000c\000r\000i\000p\000t\000i\000o\000n\000\040\000o\000f\000\040\000E\000x\000p\000e\000r\000i\000m\000e\000n\000t\000s}{chapter.3}% 34
\BOOKMARK [2][-]{subsection.3.2.1}{\376\377\000T\000i\000t\000l\000e\000\040\000o\000f\000\040\000E\000x\000p\000e\000r\000i\000m\000e\000n\000t\000\040\000o\000f\000\040\0001}{section.3.2}% 35
\BOOKMARK [2][-]{subsection.3.2.2}{\376\377\000T\000i\000t\000l\000e\000\040\000o\000f\000\040\000E\000x\000p\000e\000r\000i\000m\000e\000n\000t\000\040\000o\000f\000\040\0002}{section.3.2}% 36
\BOOKMARK [1][-]{section.3.3}{\376\377\000D\000e\000s\000c\000r\000i\000p\000t\000i\000o\000n\000\040\000o\000f\000\040\000S\000u\000b\000j\000e\000c\000t\000s}{chapter.3}% 37
\BOOKMARK [0][-]{chapter.4}{\376\377\000R\000E\000S\000U\000L\000T\000S\000\040\000A\000N\000D\000\040\000D\000I\000S\000C\000U\000S\000S\000I\000O\000N\000S}{}% 38
\BOOKMARK [1][-]{section.4.1}{\376\377\000T\000i\000t\000l\000e\000\040\000o\000f\000\040\000E\000x\000p\000e\000r\000i\000m\000e\000n\000t\000\040\000o\000f\000\040\0001}{chapter.4}% 39
\BOOKMARK [1][-]{section.4.2}{\376\377\000T\000i\000t\000l\000e\000\040\000o\000f\000\040\000E\000x\000p\000e\000r\000i\000m\000e\000n\000t\000\040\000o\000f\000\040\0002}{chapter.4}% 40
\BOOKMARK [0][-]{chapter.5}{\376\377\000C\000O\000N\000C\000L\000U\000S\000I\000O\000N\000S\000\040\000A\000N\000D\000\040\000R\000E\000C\000O\000M\000M\000E\000N\000D\000A\000T\000I\000O\000N\000S}{}% 41
\BOOKMARK [1][-]{section.5.1}{\376\377\000C\000o\000n\000c\000l\000u\000s\000i\000o\000n\000s}{chapter.5}% 42
\BOOKMARK [1][-]{section.5.2}{\376\377\000R\000e\000c\000o\000m\000m\000e\000n\000d\000a\000t\000i\000o\000n\000s}{chapter.5}% 43
\BOOKMARK [0][-]{section.5.2}{\376\377\000B\000I\000B\000L\000I\000O\000G\000R\000A\000P\000H\000Y}{}% 44
\BOOKMARK [0][-]{appendix.A}{\376\377\000P\000R\000I\000O\000R\000\040\000A\000R\000T\000\040\000S\000E\000A\000R\000C\000H\000\040\000a\000n\000d\000\040\000A\000N\000A\000L\000Y\000S\000I\000S\000\040\000R\000E\000P\000O\000R\000T}{}% 45
\BOOKMARK [0][-]{appendix.A}{\376\377\000P\000A\000T\000E\000N\000T\000\040\000D\000R\000A\000F\000T}{}% 46
\BOOKMARK [0][-]{appendix.B}{\376\377\000T\000I\000M\000E\000T\000A\000B\000L\000E\000\040\000O\000F\000\040\000A\000C\000T\000I\000V\000I\000T\000I\000E\000S}{}% 47
\BOOKMARK [0][-]{appendix.C}{\376\377\000R\000E\000S\000E\000A\000R\000C\000H\000\040\000B\000U\000D\000G\000E\000T}{}% 48
\BOOKMARK [0][-]{appendix.D}{\376\377\000A\000D\000D\000I\000T\000I\000O\000N\000A\000L\000\040\000F\000L\000O\000W\000C\000H\000A\000R\000T\000S}{}% 49
\BOOKMARK [0][-]{appendix.E}{\376\377\000P\000S\000E\000U\000D\000O\000-\000C\000O\000D\000E\000S}{}% 50
\BOOKMARK [0][-]{appendix.F}{\376\377\000E\000L\000E\000C\000T\000R\000I\000C\000A\000L\000\040\000C\000I\000R\000C\000U\000I\000T\000S}{}% 51
\BOOKMARK [0][-]{appendix.G}{\376\377\000S\000U\000P\000P\000L\000E\000M\000E\000N\000T\000A\000L\000\040\000D\000A\000T\000A}{}% 52
\BOOKMARK [0][-]{appendix.H}{\376\377\000P\000L\000A\000G\000I\000A\000R\000I\000S\000M\000\040\000C\000H\000E\000C\000K\000\040\000R\000E\000P\000O\000R\000T}{}% 53
\BOOKMARK [0][-]{appendix.I}{\376\377\000E\000T\000H\000I\000C\000S\000\040\000C\000L\000E\000A\000R\000A\000N\000C\000E}{}% 54
\BOOKMARK [0][-]{appendix.J}{\376\377\000C\000U\000R\000R\000I\000C\000U\000L\000U\000M\000\040\000V\000I\000T\000A\000E}{}% 55
