This is pdfTeX, Version 3.141592653-2.6-1.40.25 (MiKTeX 23.10) (preloaded format=pdflatex 2026.9.12)  26 SEP 2026 16:23
entering extended mode
 restricted \write18 enabled.
 %&-line parsing enabled.
**./MightyBreadBoards_Main_2024_12_09.tex
(MightyBreadBoards_Main_2024_12_09.tex
LaTeX2e <2023-06-01> patch level 1
L3 programming layer <2023-08-29>
(C:\Program Files\MiKTeX\tex/latex/base\report.cls
Document Class: report 2023/05/17 v1.4n Standard LaTeX document class
(C:\Program Files\MiKTeX\tex/latex/base\size12.clo
File: size12.clo 2023/05/17 v1.4n Standard LaTeX file (size option)
)
\c@part=\count185
\c@chapter=\count186
\c@section=\count187
\c@subsection=\count188
\c@subsubsection=\count189
\c@paragraph=\count190
\c@subparagraph=\count191
\c@figure=\count192
\c@table=\count193
\abovecaptionskip=\skip48
\belowcaptionskip=\skip49
\bibindent=\dimen140
)
(ECE_Project_preamble_2024_12_09.tex
(C:\Program Files\MiKTeX\tex/latex/geometry\geometry.sty
Package: geometry 2020/01/02 v5.9 Page Geometry

(C:\Program Files\MiKTeX\tex/latex/graphics\keyval.sty
Package: keyval 2022/05/29 v1.15 key=value parser (DPC)
\KV@toks@=\toks17
)
(C:\Program Files\MiKTeX\tex/generic/iftex\ifvtex.sty
Package: ifvtex 2019/10/25 v1.7 ifvtex legacy package. Use iftex instead.

(C:\Program Files\MiKTeX\tex/generic/iftex\iftex.sty
Package: iftex 2022/02/03 v1.0f TeX engine tests
))
\Gm@cnth=\count194
\Gm@cntv=\count195
\c@Gm@tempcnt=\count196
\Gm@bindingoffset=\dimen141
\Gm@wd@mp=\dimen142
\Gm@odd@mp=\dimen143
\Gm@even@mp=\dimen144
\Gm@layoutwidth=\dimen145
\Gm@layoutheight=\dimen146
\Gm@layouthoffset=\dimen147
\Gm@layoutvoffset=\dimen148
\Gm@dimlist=\toks18

(C:\Program Files\MiKTeX\tex/latex/geometry\geometry.cfg))
(C:\Program Files\MiKTeX\tex/latex/amsmath\amsmath.sty
Package: amsmath 2023/05/13 v2.17o AMS math features
\@mathmargin=\skip50

For additional information on amsmath, use the `?' option.
(C:\Program Files\MiKTeX\tex/latex/amsmath\amstext.sty
Package: amstext 2021/08/26 v2.01 AMS text

(C:\Program Files\MiKTeX\tex/latex/amsmath\amsgen.sty
File: amsgen.sty 1999/11/30 v2.0 generic functions
\@emptytoks=\toks19
\ex@=\dimen149
))
(C:\Program Files\MiKTeX\tex/latex/amsmath\amsbsy.sty
Package: amsbsy 1999/11/29 v1.2d Bold Symbols
\pmbraise@=\dimen150
)
(C:\Program Files\MiKTeX\tex/latex/amsmath\amsopn.sty
Package: amsopn 2022/04/08 v2.04 operator names
)
\inf@bad=\count197
LaTeX Info: Redefining \frac on input line 234.
\uproot@=\count198
\leftroot@=\count199
LaTeX Info: Redefining \overline on input line 399.
LaTeX Info: Redefining \colon on input line 410.
\classnum@=\count266
\DOTSCASE@=\count267
LaTeX Info: Redefining \ldots on input line 496.
LaTeX Info: Redefining \dots on input line 499.
LaTeX Info: Redefining \cdots on input line 620.
\Mathstrutbox@=\box51
\strutbox@=\box52
LaTeX Info: Redefining \big on input line 722.
LaTeX Info: Redefining \Big on input line 723.
LaTeX Info: Redefining \bigg on input line 724.
LaTeX Info: Redefining \Bigg on input line 725.
\big@size=\dimen151
LaTeX Font Info:    Redeclaring font encoding OML on input line 743.
LaTeX Font Info:    Redeclaring font encoding OMS on input line 744.
\macc@depth=\count268
LaTeX Info: Redefining \bmod on input line 905.
LaTeX Info: Redefining \pmod on input line 910.
LaTeX Info: Redefining \smash on input line 940.
LaTeX Info: Redefining \relbar on input line 970.
LaTeX Info: Redefining \Relbar on input line 971.
\c@MaxMatrixCols=\count269
\dotsspace@=\muskip16
\c@parentequation=\count270
\dspbrk@lvl=\count271
\tag@help=\toks20
\row@=\count272
\column@=\count273
\maxfields@=\count274
\andhelp@=\toks21
\eqnshift@=\dimen152
\alignsep@=\dimen153
\tagshift@=\dimen154
\tagwidth@=\dimen155
\totwidth@=\dimen156
\lineht@=\dimen157
\@envbody=\toks22
\multlinegap=\skip51
\multlinetaggap=\skip52
\mathdisplay@stack=\toks23
LaTeX Info: Redefining \[ on input line 2953.
LaTeX Info: Redefining \] on input line 2954.
)
(C:\Program Files\MiKTeX\tex/latex/amsmath\amsxtra.sty
Package: amsxtra 1999/11/15 v1.2c AMS extra commands
LaTeX Info: Redefining \nobreakspace on input line 54.
)
(C:\Program Files\MiKTeX\tex/latex/amscls\amsthm.sty
Package: amsthm 2020/05/29 v2.20.6
\thm@style=\toks24
\thm@bodyfont=\toks25
\thm@headfont=\toks26
\thm@notefont=\toks27
\thm@headpunct=\toks28
\thm@preskip=\skip53
\thm@postskip=\skip54
\thm@headsep=\skip55
\dth@everypar=\toks29
)
(C:\Program Files\MiKTeX\tex/latex/amsfonts\amssymb.sty
Package: amssymb 2013/01/14 v3.01 AMS font symbols

(C:\Program Files\MiKTeX\tex/latex/amsfonts\amsfonts.sty
Package: amsfonts 2013/01/14 v3.01 Basic AMSFonts support
\symAMSa=\mathgroup4
\symAMSb=\mathgroup5
LaTeX Font Info:    Redeclaring math symbol \hbar on input line 98.
LaTeX Font Info:    Overwriting math alphabet `\mathfrak' in version `bold'
(Font)                  U/euf/m/n --> U/euf/b/n on input line 106.
))
(C:\Program Files\MiKTeX\tex/latex/graphics\graphicx.sty
Package: graphicx 2021/09/16 v1.2d Enhanced LaTeX Graphics (DPC,SPQR)

(C:\Program Files\MiKTeX\tex/latex/graphics\graphics.sty
Package: graphics 2022/03/10 v1.4e Standard LaTeX Graphics (DPC,SPQR)

(C:\Program Files\MiKTeX\tex/latex/graphics\trig.sty
Package: trig 2021/08/11 v1.11 sin cos tan (DPC)
)
(C:\Program Files\MiKTeX\tex/latex/graphics-cfg\graphics.cfg
File: graphics.cfg 2016/06/04 v1.11 sample graphics configuration
)
Package graphics Info: Driver file: pdftex.def on input line 107.

(C:\Program Files\MiKTeX\tex/latex/graphics-def\pdftex.def
File: pdftex.def 2022/09/22 v1.2b Graphics/color driver for pdftex
))
\Gin@req@height=\dimen158
\Gin@req@width=\dimen159
)
(C:\Program Files\MiKTeX\tex/latex/graphics\rotating.sty
Package: rotating 2016/08/11 v2.16d rotated objects in LaTeX

(C:\Program Files\MiKTeX\tex/latex/base\ifthen.sty
Package: ifthen 2022/04/13 v1.1d Standard LaTeX ifthen package (DPC)
)
\c@r@tfl@t=\count275
\rotFPtop=\skip56
\rotFPbot=\skip57
\rot@float@box=\box53
\rot@mess@toks=\toks30
)
(C:\Program Files\MiKTeX\tex/latex/graphics\epsfig.sty
Package: epsfig 2017/06/25 v1.7b (e)psfig emulation (SPQR)
\epsfxsize=\dimen160
\epsfysize=\dimen161
)
(C:\Program Files\MiKTeX\tex/latex/epstopdf-pkg\epstopdf.sty
Package: epstopdf 2020-01-24 v2.11 Conversion with epstopdf on the fly (HO)

(C:\Program Files\MiKTeX\tex/generic/infwarerr\infwarerr.sty
Package: infwarerr 2019/12/03 v1.5 Providing info/warning/error messages (HO)
)
(C:\Program Files\MiKTeX\tex/latex/grfext\grfext.sty
Package: grfext 2019/12/03 v1.3 Manage graphics extensions (HO)

(C:\Program Files\MiKTeX\tex/generic/kvdefinekeys\kvdefinekeys.sty
Package: kvdefinekeys 2019-12-19 v1.6 Define keys (HO)
))
(C:\Program Files\MiKTeX\tex/latex/kvoptions\kvoptions.sty
Package: kvoptions 2022-06-15 v3.15 Key value format for package options (HO)

(C:\Program Files\MiKTeX\tex/generic/ltxcmds\ltxcmds.sty
Package: ltxcmds 2023-12-04 v1.26 LaTeX kernel commands for general use (HO)
)
(C:\Program Files\MiKTeX\tex/latex/kvsetkeys\kvsetkeys.sty
Package: kvsetkeys 2022-10-05 v1.19 Key value parser (HO)
))
(C:\Program Files\MiKTeX\tex/generic/pdftexcmds\pdftexcmds.sty
Package: pdftexcmds 2020-06-27 v0.33 Utility functions of pdfTeX for LuaTeX (HO
)
Package pdftexcmds Info: \pdf@primitive is available.
Package pdftexcmds Info: \pdf@ifprimitive is available.
Package pdftexcmds Info: \pdfdraftmode found.
)
(C:\Program Files\MiKTeX\tex/latex/epstopdf-pkg\epstopdf-base.sty
Package: epstopdf-base 2020-01-24 v2.11 Base part for package epstopdf
Package epstopdf-base Info: Redefining graphics rule for `.eps' on input line 4
85.
Package grfext Info: Graphics extension search list:
(grfext)             [.pdf,.png,.jpg,.mps,.jpeg,.jbig2,.jb2,.PDF,.PNG,.JPG,.JPE
G,.JBIG2,.JB2,.eps]
(grfext)             \AppendGraphicsExtensions on input line 504.

(C:\Program Files\MiKTeX\tex/latex/00miktex\epstopdf-sys.cfg
File: epstopdf-sys.cfg 2021/03/18 v2.0 Configuration of epstopdf for MiKTeX
)))
(C:\Program Files\MiKTeX\tex/latex/tocloft\tocloft.sty
Package: tocloft 2017/08/31 v2.3i parameterised ToC, etc., typesetting
Package tocloft Info: The document has chapter divisions on input line 51.
\cftparskip=\skip58
\cftbeforetoctitleskip=\skip59
\cftaftertoctitleskip=\skip60
\cftbeforepartskip=\skip61
\cftpartnumwidth=\skip62
\cftpartindent=\skip63
\cftbeforechapskip=\skip64
\cftchapindent=\skip65
\cftchapnumwidth=\skip66
\cftbeforesecskip=\skip67
\cftsecindent=\skip68
\cftsecnumwidth=\skip69
\cftbeforesubsecskip=\skip70
\cftsubsecindent=\skip71
\cftsubsecnumwidth=\skip72
\cftbeforesubsubsecskip=\skip73
\cftsubsubsecindent=\skip74
\cftsubsubsecnumwidth=\skip75
\cftbeforeparaskip=\skip76
\cftparaindent=\skip77
\cftparanumwidth=\skip78
\cftbeforesubparaskip=\skip79
\cftsubparaindent=\skip80
\cftsubparanumwidth=\skip81
\cftbeforeloftitleskip=\skip82
\cftafterloftitleskip=\skip83
\cftbeforefigskip=\skip84
\cftfigindent=\skip85
\cftfignumwidth=\skip86
\c@lofdepth=\count276
\c@lotdepth=\count277
\cftbeforelottitleskip=\skip87
\cftafterlottitleskip=\skip88
\cftbeforetabskip=\skip89
\cfttabindent=\skip90
\cfttabnumwidth=\skip91
)
(C:\Program Files\MiKTeX\tex/latex/tools\afterpage.sty
Package: afterpage 2014/10/28 v1.08 After-Page Package (DPC)
\AP@output=\toks31
\AP@partial=\box54
\AP@footins=\box55
)
(C:\Program Files\MiKTeX\tex/latex/caption\subcaption.sty
Package: subcaption 2023/07/28 v1.6b Sub-captions (AR)

(C:\Program Files\MiKTeX\tex/latex/caption\caption.sty
Package: caption 2023/08/05 v3.6o Customizing captions (AR)

(C:\Program Files\MiKTeX\tex/latex/caption\caption3.sty
Package: caption3 2023/07/31 v2.4d caption3 kernel (AR)
\caption@tempdima=\dimen162
\captionmargin=\dimen163
\caption@leftmargin=\dimen164
\caption@rightmargin=\dimen165
\caption@width=\dimen166
\caption@indent=\dimen167
\caption@parindent=\dimen168
\caption@hangindent=\dimen169
Package caption Info: Standard document class detected.
)
\c@caption@flags=\count278
\c@continuedfloat=\count279
Package caption Info: rotating package is loaded.
)
Package caption Info: New subtype `subfigure' on input line 238.
\c@subfigure=\count280
Package caption Info: New subtype `subtable' on input line 238.
\c@subtable=\count281
)
(C:\Program Files\MiKTeX\tex/latex/setspace\setspace.sty
Package: setspace 2022/12/04 v6.7b set line spacing
)
(C:\Program Files\MiKTeX\tex/latex/hyphenat\hyphenat.sty
Package: hyphenat 2009/09/02 v2.3c hyphenation utilities
\langwohyphens=\language79
LaTeX Info: Redefining \_ on input line 43.
)
(C:\Program Files\MiKTeX\tex/latex/multirow\multirow.sty
Package: multirow 2021/03/15 v2.8 Span multiple rows of a table
\multirow@colwidth=\skip92
\multirow@cntb=\count282
\multirow@dima=\skip93
\bigstrutjot=\dimen170
)
(C:\Program Files\MiKTeX\tex/latex/titlesec\titlesec.sty
Package: titlesec 2023/10/27 v2.16 Sectioning titles
\ttl@box=\box56
\beforetitleunit=\skip94
\aftertitleunit=\skip95
\ttl@plus=\dimen171
\ttl@minus=\dimen172
\ttl@toksa=\toks32
\titlewidth=\dimen173
\titlewidthlast=\dimen174
\titlewidthfirst=\dimen175
)
(C:\Program Files\MiKTeX\tex/latex/tools\indentfirst.sty
Package: indentfirst 1995/11/23 v1.03 Indent first paragraph (DPC)
)
(C:\Program Files\MiKTeX\tex/latex/mdwtools\mdwlist.sty
Package: mdwlist 1996/05/02 1.1 Various list-related things
)
(C:\Program Files\MiKTeX\tex/latex/tools\array.sty
Package: array 2022/09/04 v2.5g Tabular extension package (FMi)
\col@sep=\dimen176
\ar@mcellbox=\box57
\extrarowheight=\dimen177
\NC@list=\toks33
\extratabsurround=\skip96
\backup@length=\skip97
\ar@cellbox=\box58
)
(C:\Program Files\MiKTeX\tex/latex/algorithms\algorithm.sty
Package: algorithm 2009/08/24 v0.1 Document Style `algorithm' - floating enviro
nment

(C:\Program Files\MiKTeX\tex/latex/float\float.sty
Package: float 2001/11/08 v1.3d Float enhancements (AL)
\c@float@type=\count283
\float@exts=\toks34
\float@box=\box59
\@float@everytoks=\toks35
\@floatcapt=\box60
)
\@float@every@algorithm=\toks36
\c@algorithm=\count284
)
(C:\Program Files\MiKTeX\tex/latex/algorithmicx\algorithmicx.sty
Package: algorithmicx 2005/04/27 v1.2 Algorithmicx

Document Style algorithmicx 1.2 - a greatly improved `algorithmic' style
\c@ALG@line=\count285
\c@ALG@rem=\count286
\c@ALG@nested=\count287
\ALG@tlm=\skip98
\ALG@thistlm=\skip99
\c@ALG@Lnr=\count288
\c@ALG@blocknr=\count289
\c@ALG@storecount=\count290
\c@ALG@tmpcounter=\count291
\ALG@tmplength=\skip100
) (C:\Program Files\MiKTeX\tex/latex/algorithmicx\algpseudocode.sty
Package: algpseudocode 

Document Style - pseudocode environments for use with the `algorithmicx' style
) (C:\Program Files\MiKTeX\tex/latex/morefloats\morefloats.sty
Package: morefloats 2015/07/22 v1.0h Raise limit of unprocessed floats (HMM)
Package morefloats Info: Maximum number of possible floats asked for: 36
(morefloats)             (i.e. 18 more floats).
(morefloats)             LaTeX might run out of memory before this
(morefloats)             (in which case it will notify you).
)
(C:\Program Files\MiKTeX\tex/latex/easylist\easylist.sty
Package: easylist 2014/01/11 v.1.4 Numbered items with a single command.
\el@CounterTotal=\count292
\el@Scratch=\count293
\el@ControlCounter=\count294
\el@CounterLevel=\count295
\c@List1=\count296
\c@List2=\count297
\c@List3=\count298
\c@List4=\count299
\c@List5=\count300
\c@List6=\count301
\c@List7=\count302
\c@List8=\count303
\c@List9=\count304
\c@List10=\count305
\el@ProgressiveDimension=\dimen178
\el@CounterBox=\box61
\el@ControlBox=\box62
\el@TotalMargin=\dimen179
\el@LeftMove=\dimen180
)
(C:\Program Files\MiKTeX\tex/latex/paralist\paralist.sty
Package: paralist 2017/01/22 v2.7 Extended list environments
\pltopsep=\skip101
\plpartopsep=\skip102
\plitemsep=\skip103
\plparsep=\skip104
\pl@lab=\toks37
)
(C:\Program Files\MiKTeX\tex/latex/enumitem\enumitem.sty
Package: enumitem 2019/06/20 v3.9 Customized lists
\labelindent=\skip105
\enit@outerparindent=\dimen181
\enit@toks=\toks38
\enit@inbox=\box63
\enit@count@id=\count306
\enitdp@description=\count307
)
(C:\Program Files\MiKTeX\tex/latex/rotfloat\rotfloat.sty
Package: rotfloat 2004/01/04 v1.2 Combining float+rotating package (AS)
Package rotfloat Info: float package v1.3 detected on input line 74.
)
(C:\Program Files\MiKTeX\tex/latex/url\url.sty
\Urlmuskip=\muskip17
Package: url 2013/09/16  ver 3.4  Verb mode for urls, etc.
)
(C:\Program Files\MiKTeX\tex/latex/hyperref\hyperref.sty
Package: hyperref 2023-07-08 v7.01b Hypertext links for LaTeX

(C:\Program Files\MiKTeX\tex/generic/pdfescape\pdfescape.sty
Package: pdfescape 2019/12/09 v1.15 Implements pdfTeX's escape features (HO)
)
(C:\Program Files\MiKTeX\tex/latex/hycolor\hycolor.sty
Package: hycolor 2020-01-27 v1.10 Color options for hyperref/bookmark (HO)
)
(C:\Program Files\MiKTeX\tex/latex/letltxmacro\letltxmacro.sty
Package: letltxmacro 2019/12/03 v1.6 Let assignment for LaTeX macros (HO)
)
(C:\Program Files\MiKTeX\tex/latex/auxhook\auxhook.sty
Package: auxhook 2019-12-17 v1.6 Hooks for auxiliary files (HO)
)
(C:\Program Files\MiKTeX\tex/latex/hyperref\nameref.sty
Package: nameref 2023-08-07 v2.53 Cross-referencing by name of section

(C:\Program Files\MiKTeX\tex/latex/refcount\refcount.sty
Package: refcount 2019/12/15 v3.6 Data extraction from label references (HO)
)
(C:\Program Files\MiKTeX\tex/generic/gettitlestring\gettitlestring.sty
Package: gettitlestring 2019/12/15 v1.6 Cleanup title references (HO)
)
\c@section@level=\count308
)
(C:\Program Files\MiKTeX\tex/latex/etoolbox\etoolbox.sty
Package: etoolbox 2020/10/05 v2.5k e-TeX tools for LaTeX (JAW)
\etb@tempcnta=\count309
)
\@linkdim=\dimen182
\Hy@linkcounter=\count310
\Hy@pagecounter=\count311

(C:\Program Files\MiKTeX\tex/latex/hyperref\pd1enc.def
File: pd1enc.def 2023-07-08 v7.01b Hyperref: PDFDocEncoding definition (HO)
Now handling font encoding PD1 ...
... no UTF-8 mapping file for font encoding PD1
)
(C:\Program Files\MiKTeX\tex/generic/intcalc\intcalc.sty
Package: intcalc 2019/12/15 v1.3 Expandable calculations with integers (HO)
)
\Hy@SavedSpaceFactor=\count312

(C:\Program Files\MiKTeX\tex/latex/hyperref\puenc.def
File: puenc.def 2023-07-08 v7.01b Hyperref: PDF Unicode definition (HO)
Now handling font encoding PU ...
... no UTF-8 mapping file for font encoding PU
)
Package hyperref Info: Hyper figures OFF on input line 4167.
Package hyperref Info: Link nesting OFF on input line 4172.
Package hyperref Info: Hyper index ON on input line 4175.
Package hyperref Info: Plain pages OFF on input line 4182.
Package hyperref Info: Backreferencing OFF on input line 4187.
Package hyperref Info: Implicit mode ON; LaTeX internals redefined.
Package hyperref Info: Bookmarks ON on input line 4434.
\c@Hy@tempcnt=\count313
LaTeX Info: Redefining \url on input line 4772.
\XeTeXLinkMargin=\dimen183

(C:\Program Files\MiKTeX\tex/generic/bitset\bitset.sty
Package: bitset 2019/12/09 v1.3 Handle bit-vector datatype (HO)

(C:\Program Files\MiKTeX\tex/generic/bigintcalc\bigintcalc.sty
Package: bigintcalc 2019/12/15 v1.5 Expandable calculations on big integers (HO
)
))
\Fld@menulength=\count314
\Field@Width=\dimen184
\Fld@charsize=\dimen185
Package hyperref Info: Hyper figures OFF on input line 6051.
Package hyperref Info: Link nesting OFF on input line 6056.
Package hyperref Info: Hyper index ON on input line 6059.
Package hyperref Info: backreferencing OFF on input line 6066.
Package hyperref Info: Link coloring OFF on input line 6071.
Package hyperref Info: Link coloring with OCG OFF on input line 6076.
Package hyperref Info: PDF/A mode OFF on input line 6081.

(C:\Program Files\MiKTeX\tex/latex/base\atbegshi-ltx.sty
Package: atbegshi-ltx 2021/01/10 v1.0c Emulation of the original atbegshi
package with kernel methods
)
\Hy@abspage=\count315
\c@Item=\count316
\c@Hfootnote=\count317
)
Package hyperref Info: Driver (autodetected): hpdftex.

(C:\Program Files\MiKTeX\tex/latex/hyperref\hpdftex.def
File: hpdftex.def 2023-07-08 v7.01b Hyperref driver for pdfTeX

(C:\Program Files\MiKTeX\tex/latex/base\atveryend-ltx.sty
Package: atveryend-ltx 2020/08/19 v1.0a Emulation of the original atveryend pac
kage
with kernel methods
)
\Fld@listcount=\count318
\c@bookmark@seq@number=\count319

(C:\Program Files\MiKTeX\tex/latex/rerunfilecheck\rerunfilecheck.sty
Package: rerunfilecheck 2022-07-10 v1.10 Rerun checks for auxiliary files (HO)

(C:\Program Files\MiKTeX\tex/generic/uniquecounter\uniquecounter.sty
Package: uniquecounter 2019/12/15 v1.4 Provide unlimited unique counter (HO)
)
Package uniquecounter Info: New unique counter `rerunfilecheck' on input line 2
85.
)
\Hy@SectionHShift=\skip106
)
(C:\Program Files\MiKTeX\tex/latex/gloss\gloss.sty
Package: gloss 2002/07/26 1.5.2 Gloss package
\glosshang=\skip107
)
(C:\Program Files\MiKTeX\tex/latex/xcolor\xcolor.sty
Package: xcolor 2022/06/12 v2.14 LaTeX color extensions (UK)

(C:\Program Files\MiKTeX\tex/latex/graphics-cfg\color.cfg
File: color.cfg 2016/01/02 v1.6 sample color configuration
)
Package xcolor Info: Package option `usenames' ignored on input line 218.
Package xcolor Info: Driver file: pdftex.def on input line 227.

(C:\Program Files\MiKTeX\tex/latex/colortbl\colortbl.sty
Package: colortbl 2022/06/20 v1.0f Color table columns (DPC)
\everycr=\toks39
\minrowclearance=\skip108
\rownum=\count320
)
(C:\Program Files\MiKTeX\tex/latex/graphics\mathcolor.ltx)
Package xcolor Info: Model `cmy' substituted by `cmy0' on input line 1353.
Package xcolor Info: Model `hsb' substituted by `rgb' on input line 1357.
Package xcolor Info: Model `RGB' extended on input line 1369.
Package xcolor Info: Model `HTML' substituted by `rgb' on input line 1371.
Package xcolor Info: Model `Hsb' substituted by `hsb' on input line 1372.
Package xcolor Info: Model `tHsb' substituted by `hsb' on input line 1373.
Package xcolor Info: Model `HSB' substituted by `hsb' on input line 1374.
Package xcolor Info: Model `Gray' substituted by `gray' on input line 1375.
Package xcolor Info: Model `wave' substituted by `hsb' on input line 1376.

(C:\Program Files\MiKTeX\tex/latex/graphics\dvipsnam.def
File: dvipsnam.def 2016/06/17 v3.0m Driver-dependent file (DPC,SPQR)
)
(C:\Program Files\MiKTeX\tex/latex/xcolor\svgnam.def
File: svgnam.def 2022/06/12 v2.14 Predefined colors according to SVG 1.1 (UK)
))
(C:\Program Files\MiKTeX\tex/latex/pgfgantt\pgfgantt.sty
Package: pgfgantt 2018/01/10 v5.0 Draw Gantt diagrams with TikZ

(C:\Program Files\MiKTeX\tex/latex/pgf/frontendlayer\tikz.sty
(C:\Program Files\MiKTeX\tex/latex/pgf/basiclayer\pgf.sty
(C:\Program Files\MiKTeX\tex/latex/pgf/utilities\pgfrcs.sty
(C:\Program Files\MiKTeX\tex/generic/pgf/utilities\pgfutil-common.tex
\pgfutil@everybye=\toks40
\pgfutil@tempdima=\dimen186
\pgfutil@tempdimb=\dimen187
)
(C:\Program Files\MiKTeX\tex/generic/pgf/utilities\pgfutil-latex.def
\pgfutil@abb=\box64
)
(C:\Program Files\MiKTeX\tex/generic/pgf/utilities\pgfrcs.code.tex
(C:\Program Files\MiKTeX\tex/generic/pgf\pgf.revision.tex)
Package: pgfrcs 2023-01-15 v3.1.10 (3.1.10)
))
Package: pgf 2023-01-15 v3.1.10 (3.1.10)

(C:\Program Files\MiKTeX\tex/latex/pgf/basiclayer\pgfcore.sty
(C:\Program Files\MiKTeX\tex/latex/pgf/systemlayer\pgfsys.sty
(C:\Program Files\MiKTeX\tex/generic/pgf/systemlayer\pgfsys.code.tex
Package: pgfsys 2023-01-15 v3.1.10 (3.1.10)

(C:\Program Files\MiKTeX\tex/generic/pgf/utilities\pgfkeys.code.tex
\pgfkeys@pathtoks=\toks41
\pgfkeys@temptoks=\toks42

(C:\Program Files\MiKTeX\tex/generic/pgf/utilities\pgfkeyslibraryfiltered.code.
tex
\pgfkeys@tmptoks=\toks43
))
\pgf@x=\dimen188
\pgf@y=\dimen189
\pgf@xa=\dimen190
\pgf@ya=\dimen191
\pgf@xb=\dimen192
\pgf@yb=\dimen193
\pgf@xc=\dimen194
\pgf@yc=\dimen195
\pgf@xd=\dimen196
\pgf@yd=\dimen197
\w@pgf@writea=\write3
\r@pgf@reada=\read2
\c@pgf@counta=\count321
\c@pgf@countb=\count322
\c@pgf@countc=\count323
\c@pgf@countd=\count324
\t@pgf@toka=\toks44
\t@pgf@tokb=\toks45
\t@pgf@tokc=\toks46
\pgf@sys@id@count=\count325
 (C:\Program Files\MiKTeX\tex/generic/pgf/systemlayer\pgf.cfg
File: pgf.cfg 2023-01-15 v3.1.10 (3.1.10)
)
Driver file for pgf: pgfsys-pdftex.def

(C:\Program Files\MiKTeX\tex/generic/pgf/systemlayer\pgfsys-pdftex.def
File: pgfsys-pdftex.def 2023-01-15 v3.1.10 (3.1.10)

(C:\Program Files\MiKTeX\tex/generic/pgf/systemlayer\pgfsys-common-pdf.def
File: pgfsys-common-pdf.def 2023-01-15 v3.1.10 (3.1.10)
)))
(C:\Program Files\MiKTeX\tex/generic/pgf/systemlayer\pgfsyssoftpath.code.tex
File: pgfsyssoftpath.code.tex 2023-01-15 v3.1.10 (3.1.10)
\pgfsyssoftpath@smallbuffer@items=\count326
\pgfsyssoftpath@bigbuffer@items=\count327
)
(C:\Program Files\MiKTeX\tex/generic/pgf/systemlayer\pgfsysprotocol.code.tex
File: pgfsysprotocol.code.tex 2023-01-15 v3.1.10 (3.1.10)
))
(C:\Program Files\MiKTeX\tex/generic/pgf/basiclayer\pgfcore.code.tex
Package: pgfcore 2023-01-15 v3.1.10 (3.1.10)

(C:\Program Files\MiKTeX\tex/generic/pgf/math\pgfmath.code.tex
(C:\Program Files\MiKTeX\tex/generic/pgf/math\pgfmathutil.code.tex)
(C:\Program Files\MiKTeX\tex/generic/pgf/math\pgfmathparser.code.tex
\pgfmath@dimen=\dimen198
\pgfmath@count=\count328
\pgfmath@box=\box65
\pgfmath@toks=\toks47
\pgfmath@stack@operand=\toks48
\pgfmath@stack@operation=\toks49
)
(C:\Program Files\MiKTeX\tex/generic/pgf/math\pgfmathfunctions.code.tex)
(C:\Program Files\MiKTeX\tex/generic/pgf/math\pgfmathfunctions.basic.code.tex)
(C:\Program Files\MiKTeX\tex/generic/pgf/math\pgfmathfunctions.trigonometric.co
de.tex)
(C:\Program Files\MiKTeX\tex/generic/pgf/math\pgfmathfunctions.random.code.tex)

(C:\Program Files\MiKTeX\tex/generic/pgf/math\pgfmathfunctions.comparison.code.
tex)
(C:\Program Files\MiKTeX\tex/generic/pgf/math\pgfmathfunctions.base.code.tex)
(C:\Program Files\MiKTeX\tex/generic/pgf/math\pgfmathfunctions.round.code.tex)
(C:\Program Files\MiKTeX\tex/generic/pgf/math\pgfmathfunctions.misc.code.tex)
(C:\Program Files\MiKTeX\tex/generic/pgf/math\pgfmathfunctions.integerarithmeti
cs.code.tex) (C:\Program Files\MiKTeX\tex/generic/pgf/math\pgfmathcalc.code.tex
) (C:\Program Files\MiKTeX\tex/generic/pgf/math\pgfmathfloat.code.tex
\c@pgfmathroundto@lastzeros=\count329
))
(C:\Program Files\MiKTeX\tex/generic/pgf/math\pgfint.code.tex)
(C:\Program Files\MiKTeX\tex/generic/pgf/basiclayer\pgfcorepoints.code.tex
File: pgfcorepoints.code.tex 2023-01-15 v3.1.10 (3.1.10)
\pgf@picminx=\dimen199
\pgf@picmaxx=\dimen256
\pgf@picminy=\dimen257
\pgf@picmaxy=\dimen258
\pgf@pathminx=\dimen259
\pgf@pathmaxx=\dimen260
\pgf@pathminy=\dimen261
\pgf@pathmaxy=\dimen262
\pgf@xx=\dimen263
\pgf@xy=\dimen264
\pgf@yx=\dimen265
\pgf@yy=\dimen266
\pgf@zx=\dimen267
\pgf@zy=\dimen268
)
(C:\Program Files\MiKTeX\tex/generic/pgf/basiclayer\pgfcorepathconstruct.code.t
ex
File: pgfcorepathconstruct.code.tex 2023-01-15 v3.1.10 (3.1.10)
\pgf@path@lastx=\dimen269
\pgf@path@lasty=\dimen270
)
(C:\Program Files\MiKTeX\tex/generic/pgf/basiclayer\pgfcorepathusage.code.tex
File: pgfcorepathusage.code.tex 2023-01-15 v3.1.10 (3.1.10)
\pgf@shorten@end@additional=\dimen271
\pgf@shorten@start@additional=\dimen272
)
(C:\Program Files\MiKTeX\tex/generic/pgf/basiclayer\pgfcorescopes.code.tex
File: pgfcorescopes.code.tex 2023-01-15 v3.1.10 (3.1.10)
\pgfpic=\box66
\pgf@hbox=\box67
\pgf@layerbox@main=\box68
\pgf@picture@serial@count=\count330
)
(C:\Program Files\MiKTeX\tex/generic/pgf/basiclayer\pgfcoregraphicstate.code.te
x
File: pgfcoregraphicstate.code.tex 2023-01-15 v3.1.10 (3.1.10)
\pgflinewidth=\dimen273
)
(C:\Program Files\MiKTeX\tex/generic/pgf/basiclayer\pgfcoretransformations.code
.tex
File: pgfcoretransformations.code.tex 2023-01-15 v3.1.10 (3.1.10)
\pgf@pt@x=\dimen274
\pgf@pt@y=\dimen275
\pgf@pt@temp=\dimen276
) (C:\Program Files\MiKTeX\tex/generic/pgf/basiclayer\pgfcorequick.code.tex
File: pgfcorequick.code.tex 2023-01-15 v3.1.10 (3.1.10)
) (C:\Program Files\MiKTeX\tex/generic/pgf/basiclayer\pgfcoreobjects.code.tex
File: pgfcoreobjects.code.tex 2023-01-15 v3.1.10 (3.1.10)
)
(C:\Program Files\MiKTeX\tex/generic/pgf/basiclayer\pgfcorepathprocessing.code.
tex
File: pgfcorepathprocessing.code.tex 2023-01-15 v3.1.10 (3.1.10)
) (C:\Program Files\MiKTeX\tex/generic/pgf/basiclayer\pgfcorearrows.code.tex
File: pgfcorearrows.code.tex 2023-01-15 v3.1.10 (3.1.10)
\pgfarrowsep=\dimen277
) (C:\Program Files\MiKTeX\tex/generic/pgf/basiclayer\pgfcoreshade.code.tex
File: pgfcoreshade.code.tex 2023-01-15 v3.1.10 (3.1.10)
\pgf@max=\dimen278
\pgf@sys@shading@range@num=\count331
\pgf@shadingcount=\count332
)
(C:\Program Files\MiKTeX\tex/generic/pgf/basiclayer\pgfcoreimage.code.tex
File: pgfcoreimage.code.tex 2023-01-15 v3.1.10 (3.1.10)
)
(C:\Program Files\MiKTeX\tex/generic/pgf/basiclayer\pgfcoreexternal.code.tex
File: pgfcoreexternal.code.tex 2023-01-15 v3.1.10 (3.1.10)
\pgfexternal@startupbox=\box69
)
(C:\Program Files\MiKTeX\tex/generic/pgf/basiclayer\pgfcorelayers.code.tex
File: pgfcorelayers.code.tex 2023-01-15 v3.1.10 (3.1.10)
)
(C:\Program Files\MiKTeX\tex/generic/pgf/basiclayer\pgfcoretransparency.code.te
x
File: pgfcoretransparency.code.tex 2023-01-15 v3.1.10 (3.1.10)
) (C:\Program Files\MiKTeX\tex/generic/pgf/basiclayer\pgfcorepatterns.code.tex
File: pgfcorepatterns.code.tex 2023-01-15 v3.1.10 (3.1.10)
) (C:\Program Files\MiKTeX\tex/generic/pgf/basiclayer\pgfcorerdf.code.tex
File: pgfcorerdf.code.tex 2023-01-15 v3.1.10 (3.1.10)
)))
(C:\Program Files\MiKTeX\tex/generic/pgf/modules\pgfmoduleshapes.code.tex
File: pgfmoduleshapes.code.tex 2023-01-15 v3.1.10 (3.1.10)
\pgfnodeparttextbox=\box70
)
(C:\Program Files\MiKTeX\tex/generic/pgf/modules\pgfmoduleplot.code.tex
File: pgfmoduleplot.code.tex 2023-01-15 v3.1.10 (3.1.10)
)
(C:\Program Files\MiKTeX\tex/latex/pgf/compatibility\pgfcomp-version-0-65.sty
Package: pgfcomp-version-0-65 2023-01-15 v3.1.10 (3.1.10)
\pgf@nodesepstart=\dimen279
\pgf@nodesepend=\dimen280
)
(C:\Program Files\MiKTeX\tex/latex/pgf/compatibility\pgfcomp-version-1-18.sty
Package: pgfcomp-version-1-18 2023-01-15 v3.1.10 (3.1.10)
)) (C:\Program Files\MiKTeX\tex/latex/pgf/utilities\pgffor.sty
(C:\Program Files\MiKTeX\tex/latex/pgf/utilities\pgfkeys.sty
(C:\Program Files\MiKTeX\tex/generic/pgf/utilities\pgfkeys.code.tex))
(C:\Program Files\MiKTeX\tex/latex/pgf/math\pgfmath.sty
(C:\Program Files\MiKTeX\tex/generic/pgf/math\pgfmath.code.tex))
(C:\Program Files\MiKTeX\tex/generic/pgf/utilities\pgffor.code.tex
Package: pgffor 2023-01-15 v3.1.10 (3.1.10)
\pgffor@iter=\dimen281
\pgffor@skip=\dimen282
\pgffor@stack=\toks50
\pgffor@toks=\toks51
))
(C:\Program Files\MiKTeX\tex/generic/pgf/frontendlayer/tikz\tikz.code.tex
Package: tikz 2023-01-15 v3.1.10 (3.1.10)

(C:\Program Files\MiKTeX\tex/generic/pgf/libraries\pgflibraryplothandlers.code.
tex
File: pgflibraryplothandlers.code.tex 2023-01-15 v3.1.10 (3.1.10)
\pgf@plot@mark@count=\count333
\pgfplotmarksize=\dimen283
)
\tikz@lastx=\dimen284
\tikz@lasty=\dimen285
\tikz@lastxsaved=\dimen286
\tikz@lastysaved=\dimen287
\tikz@lastmovetox=\dimen288
\tikz@lastmovetoy=\dimen289
\tikzleveldistance=\dimen290
\tikzsiblingdistance=\dimen291
\tikz@figbox=\box71
\tikz@figbox@bg=\box72
\tikz@tempbox=\box73
\tikz@tempbox@bg=\box74
\tikztreelevel=\count334
\tikznumberofchildren=\count335
\tikznumberofcurrentchild=\count336
\tikz@fig@count=\count337
 (C:\Program Files\MiKTeX\tex/generic/pgf/modules\pgfmodulematrix.code.tex
File: pgfmodulematrix.code.tex 2023-01-15 v3.1.10 (3.1.10)
\pgfmatrixcurrentrow=\count338
\pgfmatrixcurrentcolumn=\count339
\pgf@matrix@numberofcolumns=\count340
)
\tikz@expandcount=\count341

(C:\Program Files\MiKTeX\tex/generic/pgf/frontendlayer/tikz/libraries\tikzlibra
rytopaths.code.tex
File: tikzlibrarytopaths.code.tex 2023-01-15 v3.1.10 (3.1.10)
)))
(C:\Program Files\MiKTeX\tex/generic/pgf/frontendlayer/tikz/libraries\tikzlibra
ryarrows.code.tex
File: tikzlibraryarrows.code.tex 2023-01-15 v3.1.10 (3.1.10)

(C:\Program Files\MiKTeX\tex/generic/pgf/libraries\pgflibraryarrows.code.tex
File: pgflibraryarrows.code.tex 2023-01-15 v3.1.10 (3.1.10)
\arrowsize=\dimen292
))
(C:\Program Files\MiKTeX\tex/generic/pgf/frontendlayer/tikz/libraries\tikzlibra
rybackgrounds.code.tex
File: tikzlibrarybackgrounds.code.tex 2023-01-15 v3.1.10 (3.1.10)
\pgf@layerbox@background=\box75
\pgf@layerboxsaved@background=\box76
)
(C:\Program Files\MiKTeX\tex/generic/pgf/frontendlayer/tikz/libraries\tikzlibra
rycalc.code.tex
File: tikzlibrarycalc.code.tex 2023-01-15 v3.1.10 (3.1.10)
)
(C:\Program Files\MiKTeX\tex/generic/pgf/frontendlayer/tikz/libraries\tikzlibra
rypatterns.code.tex
File: tikzlibrarypatterns.code.tex 2023-01-15 v3.1.10 (3.1.10)

(C:\Program Files\MiKTeX\tex/generic/pgf/libraries\pgflibrarypatterns.code.tex
File: pgflibrarypatterns.code.tex 2023-01-15 v3.1.10 (3.1.10)
))
(C:\Program Files\MiKTeX\tex/generic/pgf/frontendlayer/tikz/libraries\tikzlibra
rypositioning.code.tex
File: tikzlibrarypositioning.code.tex 2023-01-15 v3.1.10 (3.1.10)
)
(C:\Program Files\MiKTeX\tex/generic/pgf/frontendlayer/tikz/libraries\tikzlibra
ryshapes.geometric.code.tex
File: tikzlibraryshapes.geometric.code.tex 2023-01-15 v3.1.10 (3.1.10)

(C:\Program Files\MiKTeX\tex/generic/pgf/libraries/shapes\pgflibraryshapes.geom
etric.code.tex
File: pgflibraryshapes.geometric.code.tex 2023-01-15 v3.1.10 (3.1.10)
))
(C:\Program Files\MiKTeX\tex/latex/pgf/utilities\pgfcalendar.sty
(C:\Program Files\MiKTeX\tex/generic/pgf/utilities\pgfcalendar.code.tex
File: pgfcalendar.code.tex 2023-01-15 v3.1.10 (3.1.10)
\pgfcalendarcurrentjulian=\count342
\pgf@cal@easter@Y=\count343
\pgf@cal@easter@G=\count344
\pgf@cal@easter@C=\count345
\pgf@cal@easter@X=\count346
\pgf@cal@easter@Z=\count347
\pgf@cal@easter@D=\count348
\pgf@cal@easter@E=\count349
\pgf@cal@easter@N=\count350
\pgf@cal@easter@M=\count351
\pgf@cal@easter@julianday=\count352
))
\gtt@currentline=\count353
\gtt@lasttitleline=\count354
\gtt@currgrid=\count355
\gtt@chartwidth=\count356
\gtt@lasttitleslot=\count357
\gtt@elementid=\count358
\gtt@today@slot=\count359
\gtt@startjulian=\count360
\gtt@endjulian=\count361
\gtt@chartid=\count362
\gtt@vrule@slot=\count363
\gtt@calendar@slots=\count364
\gtt@calendar@weeknumber=\count365
\gtt@calendar@startofweek=\count366
\gtt@left@slot=\count367
\gtt@right@slot=\count368
)
(C:\Program Files\MiKTeX\tex/latex/tools\longtable.sty
Package: longtable 2021-09-01 v4.17 Multi-page Table package (DPC)
\LTleft=\skip109
\LTright=\skip110
\LTpre=\skip111
\LTpost=\skip112
\LTchunksize=\count369
\LTcapwidth=\dimen293
\LT@head=\box77
\LT@firsthead=\box78
\LT@foot=\box79
\LT@lastfoot=\box80
\LT@gbox=\box81
\LT@cols=\count370
\LT@rows=\count371
\c@LT@tables=\count372
\c@LT@chunks=\count373
\LT@p@ftn=\toks52
)
(C:\Program Files\MiKTeX\tex/latex/titlesec\titletoc.sty
Package: titletoc 2023/10/27 v2.16 TOC entries
\ttl@leftsep=\dimen294
)
(C:\Program Files\MiKTeX\tex/latex/pdfpages\pdfpages.sty
Package: pdfpages 2022/12/19 v0.5x Insert pages of external PDF documents (AM)

(C:\Program Files\MiKTeX\tex/latex/tools\calc.sty
Package: calc 2017/05/25 v4.3 Infix arithmetic (KKT,FJ)
\calc@Acount=\count374
\calc@Bcount=\count375
\calc@Adimen=\dimen295
\calc@Bdimen=\dimen296
\calc@Askip=\skip113
\calc@Bskip=\skip114
LaTeX Info: Redefining \setlength on input line 80.
LaTeX Info: Redefining \addtolength on input line 81.
\calc@Ccount=\count376
\calc@Cskip=\skip115
)
(C:\Program Files\MiKTeX\tex/latex/eso-pic\eso-pic.sty
Package: eso-pic 2023/05/03 v3.0c eso-pic (RN)
\ESO@tempdima=\dimen297
\ESO@tempdimb=\dimen298
)
\AM@pagewidth=\dimen299
\AM@pageheight=\dimen300
\AM@fboxrule=\dimen301

(C:\Program Files\MiKTeX\tex/latex/pdfpages\pppdftex.def
File: pppdftex.def 2022/12/19 v0.5x Pdfpages driver for pdfTeX (AM)
)
\pdfpages@includegraphics@status=\count377
\AM@pagebox=\box82
\AM@global@opts=\toks53
\AM@pagecnt=\count378
\AM@toc@title=\toks54
\AM@lof@heading=\toks55
\c@AM@survey=\count379
\AM@templatesizebox=\box83
)
(C:\Program Files\MiKTeX\tex/latex/appendix\appendix.sty
Package: appendix 2020/02/08 v1.2c extra appendix facilities
\c@@pps=\count380
\c@@ppsavesec=\count381
\c@@ppsaveapp=\count382
)
(C:\Program Files\MiKTeX\tex/latex/biblatex\biblatex.sty
Package: biblatex 2023/03/05 v3.19 programmable bibliographies (PK/MW)

(C:\Program Files\MiKTeX\tex/latex/logreq\logreq.sty
Package: logreq 2010/08/04 v1.0 xml request logger
\lrq@indent=\count383

(C:\Program Files\MiKTeX\tex/latex/logreq\logreq.def
File: logreq.def 2010/08/04 v1.0 logreq spec v1.0
))
\c@tabx@nest=\count384
\c@listtotal=\count385
\c@listcount=\count386
\c@liststart=\count387
\c@liststop=\count388
\c@citecount=\count389
\c@citetotal=\count390
\c@multicitecount=\count391
\c@multicitetotal=\count392
\c@instcount=\count393
\c@maxnames=\count394
\c@minnames=\count395
\c@maxitems=\count396
\c@minitems=\count397
\c@citecounter=\count398
\c@maxcitecounter=\count399
\c@savedcitecounter=\count400
\c@uniquelist=\count401
\c@uniquename=\count402
\c@refsection=\count403
\c@refsegment=\count404
\c@maxextratitle=\count405
\c@maxextratitleyear=\count406
\c@maxextraname=\count407
\c@maxextradate=\count408
\c@maxextraalpha=\count409
\c@abbrvpenalty=\count410
\c@highnamepenalty=\count411
\c@lownamepenalty=\count412
\c@maxparens=\count413
\c@parenlevel=\count414
\blx@tempcnta=\count415
\blx@tempcntb=\count416
\blx@tempcntc=\count417
\c@blx@maxsection=\count418
\blx@maxsegment@0=\count419
\blx@notetype=\count420
\blx@parenlevel@text=\count421
\blx@parenlevel@foot=\count422
\blx@sectionciteorder@0=\count423
\blx@sectionciteorderinternal@0=\count424
\blx@entrysetcounter=\count425
\blx@biblioinstance=\count426
\labelnumberwidth=\skip116
\labelalphawidth=\skip117
\biblabelsep=\skip118
\bibitemsep=\skip119
\bibnamesep=\skip120
\bibinitsep=\skip121
\bibparsep=\skip122
\bibhang=\skip123
\blx@bcfin=\read3
\blx@bcfout=\write4
\blx@langwohyphens=\language80
\c@mincomprange=\count427
\c@maxcomprange=\count428
\c@mincompwidth=\count429
Package biblatex Info: Trying to load biblatex default data model...
Package biblatex Info: ... file 'blx-dm.def' found.

(C:\Program Files\MiKTeX\tex/latex/biblatex\blx-dm.def
File: blx-dm.def 2023/03/05 v3.19 biblatex localization (PK/MW)
)
Package biblatex Info: Trying to load biblatex bibstyle data model...
Package biblatex Info: ... file 'ieee.dbx' not found.
Package biblatex Info: Trying to load biblatex custom data model...
Package biblatex Info: ... file 'biblatex-dm.cfg' not found.
\c@afterword=\count430
\c@savedafterword=\count431
\c@annotator=\count432
\c@savedannotator=\count433
\c@author=\count434
\c@savedauthor=\count435
\c@bookauthor=\count436
\c@savedbookauthor=\count437
\c@commentator=\count438
\c@savedcommentator=\count439
\c@editor=\count440
\c@savededitor=\count441
\c@editora=\count442
\c@savededitora=\count443
\c@editorb=\count444
\c@savededitorb=\count445
\c@editorc=\count446
\c@savededitorc=\count447
\c@foreword=\count448
\c@savedforeword=\count449
\c@holder=\count450
\c@savedholder=\count451
\c@introduction=\count452
\c@savedintroduction=\count453
\c@namea=\count454
\c@savednamea=\count455
\c@nameb=\count456
\c@savednameb=\count457
\c@namec=\count458
\c@savednamec=\count459
\c@translator=\count460
\c@savedtranslator=\count461
\c@shortauthor=\count462
\c@savedshortauthor=\count463
\c@shorteditor=\count464
\c@savedshorteditor=\count465
\c@labelname=\count466
\c@savedlabelname=\count467
\c@institution=\count468
\c@savedinstitution=\count469
\c@lista=\count470
\c@savedlista=\count471
\c@listb=\count472
\c@savedlistb=\count473
\c@listc=\count474
\c@savedlistc=\count475
\c@listd=\count476
\c@savedlistd=\count477
\c@liste=\count478
\c@savedliste=\count479
\c@listf=\count480
\c@savedlistf=\count481
\c@location=\count482
\c@savedlocation=\count483
\c@organization=\count484
\c@savedorganization=\count485
\c@origlocation=\count486
\c@savedoriglocation=\count487
\c@origpublisher=\count488
\c@savedorigpublisher=\count489
\c@publisher=\count490
\c@savedpublisher=\count491
\c@language=\count492
\c@savedlanguage=\count493
\c@origlanguage=\count494
\c@savedoriglanguage=\count495
\c@pageref=\count496
\c@savedpageref=\count497
\shorthandwidth=\skip124
\shortjournalwidth=\skip125
\shortserieswidth=\skip126
\shorttitlewidth=\skip127
\shortauthorwidth=\skip128
\shorteditorwidth=\skip129
\locallabelnumberwidth=\skip130
\locallabelalphawidth=\skip131
\localshorthandwidth=\skip132
\localshortjournalwidth=\skip133
\localshortserieswidth=\skip134
\localshorttitlewidth=\skip135
\localshortauthorwidth=\skip136
\localshorteditorwidth=\skip137
Package biblatex Info: Trying to load compatibility code...
Package biblatex Info: ... file 'blx-compat.def' found.

(C:\Program Files\MiKTeX\tex/latex/biblatex\blx-compat.def
File: blx-compat.def 2023/03/05 v3.19 biblatex compatibility (PK/MW)
)
Package biblatex Info: Trying to load generic definitions...
Package biblatex Info: ... file 'biblatex.def' found.

(C:\Program Files\MiKTeX\tex/latex/biblatex\biblatex.def
File: biblatex.def 2023/03/05 v3.19 biblatex compatibility (PK/MW)
\c@textcitecount=\count498
\c@textcitetotal=\count499
\c@textcitemaxnames=\count500
\c@biburlbigbreakpenalty=\count501
\c@biburlbreakpenalty=\count502
\c@biburlnumpenalty=\count503
\c@biburlucpenalty=\count504
\c@biburllcpenalty=\count505
\biburlbigskip=\muskip18
\biburlnumskip=\muskip19
\biburlucskip=\muskip20
\biburllcskip=\muskip21
\c@smartand=\count506
)
Package biblatex Info: Trying to load bibliography style 'ieee'...
Package biblatex Info: ... file 'ieee.bbx' found.

(C:\Program Files\MiKTeX\tex/latex/biblatex-ieee\ieee.bbx
File: ieee.bbx 2021/12/06 v1.3f biblatex bibliography style
Package biblatex Info: Trying to load bibliography style 'numeric-comp'...
Package biblatex Info: ... file 'numeric-comp.bbx' found.

(C:\Program Files\MiKTeX\tex/latex/biblatex/bbx\numeric-comp.bbx
File: numeric-comp.bbx 2023/03/05 v3.19 biblatex bibliography style (PK/MW)
Package biblatex Info: Trying to load bibliography style 'numeric'...
Package biblatex Info: ... file 'numeric.bbx' found.

(C:\Program Files\MiKTeX\tex/latex/biblatex/bbx\numeric.bbx
File: numeric.bbx 2023/03/05 v3.19 biblatex bibliography style (PK/MW)
Package biblatex Info: Trying to load bibliography style 'standard'...
Package biblatex Info: ... file 'standard.bbx' found.

(C:\Program Files\MiKTeX\tex/latex/biblatex/bbx\standard.bbx
File: standard.bbx 2023/03/05 v3.19 biblatex bibliography style (PK/MW)
\c@bbx:relatedcount=\count507
\c@bbx:relatedtotal=\count508
))))
Package biblatex Info: Trying to load citation style 'numeric'...
Package biblatex Info: ... file 'numeric.cbx' found.

(C:\Program Files\MiKTeX\tex/latex/biblatex/cbx\numeric.cbx
File: numeric.cbx 2023/03/05 v3.19 biblatex citation style (PK/MW)
Package biblatex Info: Redefining '\cite'.
Package biblatex Info: Redefining '\parencite'.
Package biblatex Info: Redefining '\footcite'.
Package biblatex Info: Redefining '\footcitetext'.
Package biblatex Info: Redefining '\smartcite'.
Package biblatex Info: Redefining '\supercite'.
Package biblatex Info: Redefining '\textcite'.
Package biblatex Info: Redefining '\textcites'.
Package biblatex Info: Redefining '\cites'.
Package biblatex Info: Redefining '\parencites'.
Package biblatex Info: Redefining '\smartcites'.
)
Package biblatex Info: Trying to load configuration file...
Package biblatex Info: ... file 'biblatex.cfg' found.

(C:\Program Files\MiKTeX\tex/latex/biblatex\biblatex.cfg
File: biblatex.cfg 
)
Package biblatex Info: Input encoding 'utf8' detected.
Package biblatex Info: Document encoding is UTF8 ....

(C:\Program Files\MiKTeX\tex/latex/l3kernel\expl3.sty
Package: expl3 2023-08-29 L3 programming layer (loader) 

(C:\Program Files\MiKTeX\tex/latex/l3backend\l3backend-pdftex.def
File: l3backend-pdftex.def 2023-04-19 L3 backend support: PDF output (pdfTeX)
\l__color_backend_stack_int=\count509
\l__pdf_internal_box=\box84
))
Package biblatex Info: ... and expl3
(biblatex)             2023-08-29 L3 programming layer (loader) 
(biblatex)             is new enough (at least 2020/04/06),
(biblatex)             setting 'casechanger=expl3'.

(C:\Program Files\MiKTeX\tex/latex/biblatex\blx-case-expl3.sty
(C:\Program Files\MiKTeX\tex/latex/l3packages/xparse\xparse.sty
Package: xparse 2023-08-29 L3 Experimental document command parser
)
Package: blx-case-expl3 2023/03/05 v3.19 expl3 case changing code for biblatex
))

Package biblatex Warning: '\DeclareSortingScheme' is deprecated.
(biblatex)                Please use '\DeclareSortingTemplate'.

(C:\Users\L86Y17W22\AppData\Roaming\MiKTeX\tex/latex/nomencl\nomencl.sty
Package: nomencl 2021/11/10 v5.6 Nomenclature package

(C:\Program Files\MiKTeX\tex/latex/xkeyval\xkeyval.sty
Package: xkeyval 2022/06/16 v2.9 package option processing (HA)

(C:\Program Files\MiKTeX\tex/generic/xkeyval\xkeyval.tex
(C:\Program Files\MiKTeX\tex/generic/xkeyval\xkvutils.tex
\XKV@toks=\toks56
\XKV@tempa@toks=\toks57
)
\XKV@depth=\count510
File: xkeyval.tex 2014/12/03 v2.7a key=value parser (HA)
))
(C:\Users\L86Y17W22\AppData\Roaming\MiKTeX\tex/latex/koma-script\tocbasic.sty
Package: tocbasic 2026/02/02 v3.49.2 KOMA-Script package (handling toc-files)

(C:\Users\L86Y17W22\AppData\Roaming\MiKTeX\tex/latex/koma-script\scrbase.sty
Package: scrbase 2026/02/02 v3.49.2 KOMA-Script package (KOMA-Script-independen
t basics and keyval usage)

(C:\Users\L86Y17W22\AppData\Roaming\MiKTeX\tex/latex/koma-script\scrlfile.sty
Package: scrlfile 2026/02/02 v3.49.2 KOMA-Script package (file load hooks)

(C:\Users\L86Y17W22\AppData\Roaming\MiKTeX\tex/latex/koma-script\scrlfile-hook.
sty
Package: scrlfile-hook 2026/02/02 v3.49.2 KOMA-Script package (using LaTeX hook
s)

(C:\Users\L86Y17W22\AppData\Roaming\MiKTeX\tex/latex/koma-script\scrlogo.sty
Package: scrlogo 2026/02/02 v3.49.2 KOMA-Script package (logo)
)))
Applying: [2021/05/01] Usage of raw or classic option list on input line 254.
Already applied: [0000/00/00] Usage of raw or classic option list on input line
 370.
)
\scr@dte@tocline@numberwidth=\skip138
\scr@dte@tocline@numbox=\box85
)
Package tocbasic Info: omitting babel extension for `nlo'
(tocbasic)             because of missing \bbl@set@language on input line 187.
Package tocbasic Info: omitting babel extension for `nls'
(tocbasic)             because of missing \bbl@set@language on input line 188.
\nomlabelwidth=\dimen302
\nom@tempdim=\dimen303
\nomitemsep=\skip139
)
\@nomenclaturefile=\write5
\openout5 = `MightyBreadBoards_Main_2024_12_09.nlo'.

Package nomencl Info: Writing nomenclature file MightyBreadBoards_Main_2024_12_
09.nlo on input line 105.
)
\@quotelevel=\count511
\@quotereset=\count512
LaTeX Font Info:    Trying to load font information for OT1+phv on input line 3
0.
 (C:\Program Files\MiKTeX\tex/latex/psnfss\ot1phv.fd
File: ot1phv.fd 2020/03/25 scalable font definitions for OT1/phv.
)
(MightyBreadBoards_Main_2024_12_09.aux)
\openout1 = `MightyBreadBoards_Main_2024_12_09.aux'.

LaTeX Font Info:    Checking defaults for OML/cmm/m/it on input line 30.
LaTeX Font Info:    ... okay on input line 30.
LaTeX Font Info:    Checking defaults for OMS/cmsy/m/n on input line 30.
LaTeX Font Info:    ... okay on input line 30.
LaTeX Font Info:    Checking defaults for OT1/cmr/m/n on input line 30.
LaTeX Font Info:    ... okay on input line 30.
LaTeX Font Info:    Checking defaults for T1/cmr/m/n on input line 30.
LaTeX Font Info:    ... okay on input line 30.
LaTeX Font Info:    Checking defaults for TS1/cmr/m/n on input line 30.
LaTeX Font Info:    ... okay on input line 30.
LaTeX Font Info:    Checking defaults for OMX/cmex/m/n on input line 30.
LaTeX Font Info:    ... okay on input line 30.
LaTeX Font Info:    Checking defaults for U/cmr/m/n on input line 30.
LaTeX Font Info:    ... okay on input line 30.
LaTeX Font Info:    Checking defaults for PD1/pdf/m/n on input line 30.
LaTeX Font Info:    ... okay on input line 30.
LaTeX Font Info:    Checking defaults for PU/pdf/m/n on input line 30.
LaTeX Font Info:    ... okay on input line 30.

*geometry* driver: auto-detecting
*geometry* detected driver: pdftex
*geometry* verbose mode - [ preamble ] result:
* driver: pdftex
* paper: <default>
* layout: <same size as paper>
* layoutoffset:(h,v)=(0.0pt,0.0pt)
* modes: 
* h-part:(L,W,R)=(108.405pt, 433.62001pt, 72.26999pt)
* v-part:(T,H,B)=(72.26999pt, 650.43001pt, 72.26999pt)
* \paperwidth=614.295pt
* \paperheight=794.96999pt
* \textwidth=433.62001pt
* \textheight=650.43001pt
* \oddsidemargin=36.13501pt
* \evensidemargin=36.13501pt
* \topmargin=-37.0pt
* \headheight=12.0pt
* \headsep=25.0pt
* \topskip=12.0pt
* \footskip=30.0pt
* \marginparwidth=44.0pt
* \marginparsep=10.0pt
* \columnsep=10.0pt
* \skip\footins=10.8pt plus 4.0pt minus 2.0pt
* \hoffset=0.0pt
* \voffset=0.0pt
* \mag=1000
* \@twocolumnfalse
* \@twosidefalse
* \@mparswitchfalse
* \@reversemarginfalse
* (1in=72.27pt=25.4mm, 1cm=28.453pt)

(C:\Program Files\MiKTeX\tex/context/base/mkii\supp-pdf.mkii
[Loading MPS to PDF converter (version 2006.09.02).]
\scratchcounter=\count513
\scratchdimen=\dimen304
\scratchbox=\box86
\nofMPsegments=\count514
\nofMParguments=\count515
\everyMPshowfont=\toks58
\MPscratchCnt=\count516
\MPscratchDim=\dimen305
\MPnumerator=\count517
\makeMPintoPDFobject=\count518
\everyMPtoPDFconversion=\toks59
)
Package caption Info: Begin \AtBeginDocument code.
Package caption Info: float package is loaded.
Package caption Info: hyperref package is loaded.
Package caption Info: longtable package is loaded.
 (C:\Program Files\MiKTeX\tex/latex/caption\ltcaption.sty
Package: ltcaption 2021/01/08 v1.4c longtable captions (AR)
)
Package caption Info: End \AtBeginDocument code.
Package hyperref Info: Link coloring OFF on input line 30.

(MightyBreadBoards_Main_2024_12_09.out) (MightyBreadBoards_Main_2024_12_09.out)
\@outlinefile=\write6
\openout6 = `MightyBreadBoards_Main_2024_12_09.out'.

(C:\Program Files\MiKTeX\tex/latex/pdflscape\pdflscape.sty
Package: pdflscape 2022-10-27 v0.13 Display of landscape pages in PDF

(C:\Program Files\MiKTeX\tex/latex/pdflscape\pdflscape-nometadata.sty
Package: pdflscape-nometadata 2022-10-28 v0.13 Display of landscape pages in PD
F (HO)

(C:\Program Files\MiKTeX\tex/latex/graphics\lscape.sty
Package: lscape 2020/05/28 v3.02 Landscape Pages (DPC)
)
Package pdflscape Info: Auto-detected driver: pdftex on input line 81.
))
Package biblatex Info: Trying to load language 'english'...
Package biblatex Info: ... file 'english.lbx' found.

(C:\Program Files\MiKTeX\tex/latex/biblatex/lbx\english.lbx
File: english.lbx 2023/03/05 v3.19 biblatex localization (PK/MW)
)
Package biblatex Info: Input encoding 'utf8' detected.
Package biblatex Info: Automatic encoding selection.
(biblatex)             Assuming data encoding 'utf8'.
\openout4 = `MightyBreadBoards_Main_2024_12_09.bcf'.

Package biblatex Info: Trying to load bibliographic data...
Package biblatex Info: ... file 'MightyBreadBoards_Main_2024_12_09.bbl' found.

(MightyBreadBoards_Main_2024_12_09.bbl)

Package biblatex Warning: citation 'concas'
(biblatex)                was not found at all in the .bbl file,
(biblatex)                bibliography labels cannot be generated,
(biblatex)                please correct the citation.


Package biblatex Warning: citation 'WHO1'
(biblatex)                was not found at all in the .bbl file,
(biblatex)                bibliography labels cannot be generated,
(biblatex)                please correct the citation.


Package biblatex Warning: citation 'giordano'
(biblatex)                was not found at all in the .bbl file,
(biblatex)                bibliography labels cannot be generated,
(biblatex)                please correct the citation.


Package biblatex Warning: citation 'WHO2'
(biblatex)                was not found at all in the .bbl file,
(biblatex)                bibliography labels cannot be generated,
(biblatex)                please correct the citation.


Package biblatex Warning: citation 'hayward'
(biblatex)                was not found at all in the .bbl file,
(biblatex)                bibliography labels cannot be generated,
(biblatex)                please correct the citation.


Package biblatex Warning: citation '1'
(biblatex)                was not found at all in the .bbl file,
(biblatex)                bibliography labels cannot be generated,
(biblatex)                please correct the citation.


Package biblatex Warning: citation '2'
(biblatex)                was not found at all in the .bbl file,
(biblatex)                bibliography labels cannot be generated,
(biblatex)                please correct the citation.


Package biblatex Warning: citation '4'
(biblatex)                was not found at all in the .bbl file,
(biblatex)                bibliography labels cannot be generated,
(biblatex)                please correct the citation.


Package biblatex Warning: citation '7'
(biblatex)                was not found at all in the .bbl file,
(biblatex)                bibliography labels cannot be generated,
(biblatex)                please correct the citation.


Package biblatex Warning: citation '5'
(biblatex)                was not found at all in the .bbl file,
(biblatex)                bibliography labels cannot be generated,
(biblatex)                please correct the citation.


Package biblatex Warning: citation '6'
(biblatex)                was not found at all in the .bbl file,
(biblatex)                bibliography labels cannot be generated,
(biblatex)                please correct the citation.


Package biblatex Warning: citation '9'
(biblatex)                was not found at all in the .bbl file,
(biblatex)                bibliography labels cannot be generated,
(biblatex)                please correct the citation.


Package biblatex Warning: citation '10'
(biblatex)                was not found at all in the .bbl file,
(biblatex)                bibliography labels cannot be generated,
(biblatex)                please correct the citation.


Package biblatex Warning: citation '13'
(biblatex)                was not found at all in the .bbl file,
(biblatex)                bibliography labels cannot be generated,
(biblatex)                please correct the citation.


Package biblatex Warning: citation '11'
(biblatex)                was not found at all in the .bbl file,
(biblatex)                bibliography labels cannot be generated,
(biblatex)                please correct the citation.


Package biblatex Warning: citation '12'
(biblatex)                was not found at all in the .bbl file,
(biblatex)                bibliography labels cannot be generated,
(biblatex)                please correct the citation.


Package biblatex Warning: citation '14'
(biblatex)                was not found at all in the .bbl file,
(biblatex)                bibliography labels cannot be generated,
(biblatex)                please correct the citation.


Package biblatex Warning: citation '17'
(biblatex)                was not found at all in the .bbl file,
(biblatex)                bibliography labels cannot be generated,
(biblatex)                please correct the citation.


Package biblatex Warning: citation 'Tiago'
(biblatex)                was not found at all in the .bbl file,
(biblatex)                bibliography labels cannot be generated,
(biblatex)                please correct the citation.


Package biblatex Warning: citation 'Ionascu2021'
(biblatex)                was not found at all in the .bbl file,
(biblatex)                bibliography labels cannot be generated,
(biblatex)                please correct the citation.


Package biblatex Warning: citation 'ionascu2024'
(biblatex)                was not found at all in the .bbl file,
(biblatex)                bibliography labels cannot be generated,
(biblatex)                please correct the citation.


Package biblatex Warning: citation 'han'
(biblatex)                was not found at all in the .bbl file,
(biblatex)                bibliography labels cannot be generated,
(biblatex)                please correct the citation.


Package biblatex Warning: citation 'tastan'
(biblatex)                was not found at all in the .bbl file,
(biblatex)                bibliography labels cannot be generated,
(biblatex)                please correct the citation.


Package biblatex Warning: citation 'wang'
(biblatex)                was not found at all in the .bbl file,
(biblatex)                bibliography labels cannot be generated,
(biblatex)                please correct the citation.


Package biblatex Warning: citation 'yaqoob'
(biblatex)                was not found at all in the .bbl file,
(biblatex)                bibliography labels cannot be generated,
(biblatex)                please correct the citation.


Package biblatex Warning: citation 'killeen'
(biblatex)                was not found at all in the .bbl file,
(biblatex)                bibliography labels cannot be generated,
(biblatex)                please correct the citation.


Package biblatex Warning: citation 'barrett'
(biblatex)                was not found at all in the .bbl file,
(biblatex)                bibliography labels cannot be generated,
(biblatex)                please correct the citation.


Package biblatex Warning: citation 'Weimin Wu'
(biblatex)                was not found at all in the .bbl file,
(biblatex)                bibliography labels cannot be generated,
(biblatex)                please correct the citation.


Package biblatex Warning: citation 'tang'
(biblatex)                was not found at all in the .bbl file,
(biblatex)                bibliography labels cannot be generated,
(biblatex)                please correct the citation.


Package biblatex Warning: citation 'tau'
(biblatex)                was not found at all in the .bbl file,
(biblatex)                bibliography labels cannot be generated,
(biblatex)                please correct the citation.

Package biblatex Info: Reference section=0 on input line 30.
Package biblatex Info: Reference segment=0 on input line 30.
(MightyBreadBoards_Cover.tex) [1

{C:/Users/L86Y17W22/AppData/Local/MiKTeX/fonts/map/pdftex/pdftex.map}{C:/Progra
m Files/MiKTeX/fonts/enc/dvips/base/8r.enc}]
(MightyBreadBoards_ApprovalSheet_2023_02_20.tex
LaTeX Font Info:    Trying to load font information for U+msa on input line 8.

(C:\Program Files\MiKTeX\tex/latex/amsfonts\umsa.fd
File: umsa.fd 2013/01/14 v3.01 AMS symbols A
)
LaTeX Font Info:    Trying to load font information for U+msb on input line 8.

(C:\Program Files\MiKTeX\tex/latex/amsfonts\umsb.fd
File: umsb.fd 2013/01/14 v3.01 AMS symbols B
)
Underfull \hbox (badness 10000) in paragraph at lines 16--36

 []

) [2] (MightyBreadBoards_Abstract.tex) [3

]
(MightyBreadBoards_Acknowledgment.tex) [4

]
(MightyBreadBoards_Main_2024_12_09.toc
Underfull \hbox (badness 10000) in paragraph at lines 2--63
 
 []

[5] [6])
\tf@toc=\write7
\openout7 = `MightyBreadBoards_Main_2024_12_09.toc'.

 [7] (MightyBreadBoards_Main_2024_12_09.lot)
\tf@lot=\write8
\openout8 = `MightyBreadBoards_Main_2024_12_09.lot'.

 [8]
(MightyBreadBoards_Main_2024_12_09.lof)
\tf@lof=\write9
\openout9 = `MightyBreadBoards_Main_2024_12_09.lof'.

 [9]
No file MightyBreadBoards_Main_2024_12_09.nls.
Chapter 1.
(MightyBreadBoards_Introduction.tex

LaTeX Warning: Citation 'concas' on page 1 undefined on input line 4.


LaTeX Warning: Citation 'WHO1' on page 1 undefined on input line 4.


LaTeX Warning: Citation 'giordano' on page 1 undefined on input line 4.


LaTeX Warning: Citation 'WHO2' on page 1 undefined on input line 4.


LaTeX Warning: Citation 'concas' on page 1 undefined on input line 4.


LaTeX Warning: Citation 'hayward' on page 1 undefined on input line 4.


LaTeX Warning: Citation 'concas' on page 1 undefined on input line 4.


LaTeX Warning: Citation 'giordano' on page 1 undefined on input line 4.

[1

]

LaTeX Warning: Citation 'concas' on page 2 undefined on input line 6.


LaTeX Warning: Citation 'giordano' on page 2 undefined on input line 6.


LaTeX Warning: Citation 'hayward' on page 2 undefined on input line 6.


LaTeX Warning: Citation 'giordano' on page 2 undefined on input line 6.


LaTeX Warning: Citation 'giordano' on page 2 undefined on input line 6.


LaTeX Warning: Citation 'hayward' on page 2 undefined on input line 6.


LaTeX Warning: Citation 'hayward' on page 2 undefined on input line 6.


LaTeX Warning: Citation 'concas' on page 2 undefined on input line 6.


LaTeX Warning: Citation 'hayward' on page 2 undefined on input line 6.


LaTeX Warning: Citation 'concas' on page 2 undefined on input line 8.


LaTeX Warning: Citation 'hayward' on page 2 undefined on input line 8.


LaTeX Warning: Citation 'hayward' on page 2 undefined on input line 8.


LaTeX Warning: Citation 'concas' on page 2 undefined on input line 8.


LaTeX Warning: Citation 'hayward' on page 2 undefined on input line 8.


LaTeX Warning: Citation 'hayward' on page 2 undefined on input line 8.


LaTeX Warning: Citation 'concas' on page 2 undefined on input line 8.


LaTeX Warning: Citation 'hayward' on page 2 undefined on input line 8.


LaTeX Warning: Citation 'concas' on page 2 undefined on input line 8.


LaTeX Warning: Citation 'hayward' on page 2 undefined on input line 8.


LaTeX Warning: Citation 'concas' on page 2 undefined on input line 8.


LaTeX Warning: Citation 'hayward' on page 2 undefined on input line 8.

[2]
LaTeX Font Info:    Trying to load font information for TS1+phv on input line 1
4.
 (C:\Program Files\MiKTeX\tex/latex/psnfss\ts1phv.fd
File: ts1phv.fd 2020/03/25 scalable font definitions for TS1/phv.
) [3] [4]) [5]
Chapter 2.
(MightyBreadBoards_Theoretical.tex

LaTeX Warning: Citation '1' on page 6 undefined on input line 5.


LaTeX Warning: Citation '2' on page 6 undefined on input line 5.

[6

]

LaTeX Warning: Citation '4' on page 7 undefined on input line 19.


LaTeX Warning: Citation '7' on page 7 undefined on input line 21.


LaTeX Warning: Citation '5' on page 7 undefined on input line 35.


LaTeX Warning: Citation '6' on page 7 undefined on input line 35.

[7]
Overfull \hbox (5.6319pt too wide) in paragraph at lines 52--53
[]\OT1/phv/m/n/12 Machine learn-ing is a sub-field of ar-ti-fi-cial in-tel-li-g
ence that uses al-go-rithms trained
 []

[8]

LaTeX Warning: Citation '9' on page 9 undefined on input line 81.

[9] [10]

LaTeX Warning: Citation '10' on page 11 undefined on input line 154.

[11]
Underfull \hbox (badness 10000) in paragraph at lines 183--184

 []

[12] [13]

LaTeX Warning: Citation '13' on page 14 undefined on input line 254.

[14]

LaTeX Warning: Citation '11' on page 15 undefined on input line 289.

<stacked.png, id=456, 469.755pt x 202.7575pt>
File: stacked.png Graphic file (type png)
<use stacked.png>
Package pdftex.def Info: stacked.png  used on input line 293.
(pdftex.def)             Requested size: 433.62001pt x 187.16101pt.

LaTeX Warning: `!h' float specifier changed to `!ht'.


LaTeX Warning: Citation '12' on page 15 undefined on input line 298.

[15]
<dataset.png, id=462, 469.755pt x 219.06844pt>
File: dataset.png Graphic file (type png)
<use dataset.png>
Package pdftex.def Info: dataset.png  used on input line 302.
(pdftex.def)             Requested size: 433.62001pt x 202.21727pt.


LaTeX Warning: Citation '14' on page 16 undefined on input line 308.


LaTeX Warning: Citation '17' on page 16 undefined on input line 308.

[16 <./stacked.png> <./dataset.png>] [17]

LaTeX Warning: Citation 'concas' on page 18 undefined on input line 338.


LaTeX Warning: Citation 'Tiago' on page 18 undefined on input line 338.


LaTeX Warning: Citation 'Ionascu2021' on page 18 undefined on input line 338.

[18]

LaTeX Warning: Citation 'ionascu2024' on page 19 undefined on input line 340.


LaTeX Warning: Citation 'han' on page 19 undefined on input line 340.

[19]

LaTeX Warning: Citation 'tastan' on page 20 undefined on input line 346.


LaTeX Warning: Citation 'wang' on page 20 undefined on input line 348.


LaTeX Warning: Citation 'yaqoob' on page 20 undefined on input line 350.

[20]

LaTeX Warning: Citation 'killeen' on page 21 undefined on input line 352.


LaTeX Warning: Citation 'barrett' on page 21 undefined on input line 354.

[21]

LaTeX Warning: Citation 'Weimin Wu' on page 22 undefined on input line 358.


LaTeX Warning: Citation 'tang' on page 22 undefined on input line 360.

[22]

LaTeX Warning: Citation 'tau' on page 23 undefined on input line 362.

) [23]
Chapter 3.
(MightyBreadBoards_Methodology.tex [24

]
Overfull \hbox (50.13095pt too wide) in paragraph at lines 32--37
\OT1/phv/m/n/12 have a mea-sure-able ob-jec-tive that will help you de-ter-mine
/test a spe-cific as-pect/performance
 []

[25]) [26]
Chapter 4.
(MightyBreadBoards_Results.tex) [27

]
Chapter 5.
(MightyBreadBoards_Conclusions.tex) [28

]

Package biblatex Warning: Keyword 'Books' not found on input line 132.


LaTeX Warning: Empty bibliography on input line 132.


Package biblatex Warning: Keyword 'Published' not found on input line 133.


LaTeX Warning: Empty bibliography on input line 133.


Package biblatex Warning: Keyword 'Unpublished' not found on input line 134.


LaTeX Warning: Empty bibliography on input line 134.


Package biblatex Warning: Keyword 'Electronic Sources' not found on input line 
135.


LaTeX Warning: Empty bibliography on input line 135.

[29

]
Appendix A.
(App_PASAR_docs.tex

pdfTeX warning: pdflatex.exe (file ./App_AbstractKeyword_member1.pdf): PDF incl
usion: found PDF version <1.7>, but at most version <1.5> allowed
<App_AbstractKeyword_member1.pdf, id=541, page=1, 614.295pt x 794.97pt>
File: App_AbstractKeyword_member1.pdf Graphic file (type pdf)
<use App_AbstractKeyword_member1.pdf, page 1>
Package pdftex.def Info: App_AbstractKeyword_member1.pdf , page1 used on input 
line 5.
(pdftex.def)             Requested size: 433.62001pt x 561.15749pt.


pdfTeX warning: pdflatex.exe (file ./App_AbstractKeyword_member2.pdf): PDF incl
usion: found PDF version <1.7>, but at most version <1.5> allowed
<App_AbstractKeyword_member2.pdf, id=542, 614.295pt x 794.97pt>
File: App_AbstractKeyword_member2.pdf Graphic file (type pdf)
<use App_AbstractKeyword_member2.pdf>
Package pdftex.def Info: App_AbstractKeyword_member2.pdf  used on input line 6.

(pdftex.def)             Requested size: 614.29349pt x 794.96806pt.


pdfTeX warning: pdflatex.exe (file ./App_AbstractKeyword_member2.pdf): PDF incl
usion: found PDF version <1.7>, but at most version <1.5> allowed
File: App_AbstractKeyword_member2.pdf Graphic file (type pdf)
<use App_AbstractKeyword_member2.pdf>
Package pdftex.def Info: App_AbstractKeyword_member2.pdf  used on input line 6.

(pdftex.def)             Requested size: 614.29349pt x 794.96806pt.


pdfTeX warning: pdflatex.exe (file ./App_AbstractKeyword_member2.pdf): PDF incl
usion: found PDF version <1.7>, but at most version <1.5> allowed


pdfTeX warning: pdflatex.exe (file ./App_AbstractKeyword_member2.pdf): PDF incl
usion: found PDF version <1.7>, but at most version <1.5> allowed
<App_AbstractKeyword_member2.pdf, id=545, page=1, 614.295pt x 794.97pt>
File: App_AbstractKeyword_member2.pdf Graphic file (type pdf)
<use App_AbstractKeyword_member2.pdf, page 1>
Package pdftex.def Info: App_AbstractKeyword_member2.pdf , page1 used on input 
line 6.
(pdftex.def)             Requested size: 614.29349pt x 794.96806pt.
File: App_AbstractKeyword_member2.pdf Graphic file (type pdf)
<use App_AbstractKeyword_member2.pdf, page 1>
Package pdftex.def Info: App_AbstractKeyword_member2.pdf , page1 used on input 
line 6.
(pdftex.def)             Requested size: 614.58406pt x 795.3441pt.

Overfull \hbox (17.62482pt too wide) in paragraph at lines 5--6
[][]
 []


Underfull \hbox (badness 10000) in paragraph at lines 5--6

 []

[30

]
Overfull \vbox (22.91924pt too high) has occurred while \output is active []


[31 <./App_AbstractKeyword_member1.pdf>]
File: App_AbstractKeyword_member2.pdf Graphic file (type pdf)
<use App_AbstractKeyword_member2.pdf, page 1>
Package pdftex.def Info: App_AbstractKeyword_member2.pdf , page1 used on input 
line 6.
(pdftex.def)             Requested size: 614.58406pt x 795.3441pt.
File: App_AbstractKeyword_member2.pdf Graphic file (type pdf)
<use App_AbstractKeyword_member2.pdf, page 1>
Package pdftex.def Info: App_AbstractKeyword_member2.pdf , page1 used on input 
line 6.
(pdftex.def)             Requested size: 614.58406pt x 795.3441pt.
File: App_AbstractKeyword_member2.pdf Graphic file (type pdf)
<use App_AbstractKeyword_member2.pdf, page 1>
Package pdftex.def Info: App_AbstractKeyword_member2.pdf , page1 used on input 
line 6.
(pdftex.def)             Requested size: 614.58406pt x 795.3441pt.
 [32 <./App_AbstractKeyword_member2.pdf>]

pdfTeX warning: pdflatex.exe (file ./App_ISR_member1.pdf): PDF inclusion: found
 PDF version <1.7>, but at most version <1.5> allowed
<App_ISR_member1.pdf, id=634, 614.295pt x 794.97pt>
File: App_ISR_member1.pdf Graphic file (type pdf)
<use App_ISR_member1.pdf>
Package pdftex.def Info: App_ISR_member1.pdf  used on input line 8.
(pdftex.def)             Requested size: 614.29349pt x 794.96806pt.


pdfTeX warning: pdflatex.exe (file ./App_ISR_member1.pdf): PDF inclusion: found
 PDF version <1.7>, but at most version <1.5> allowed
File: App_ISR_member1.pdf Graphic file (type pdf)
<use App_ISR_member1.pdf>
Package pdftex.def Info: App_ISR_member1.pdf  used on input line 8.
(pdftex.def)             Requested size: 614.29349pt x 794.96806pt.


pdfTeX warning: pdflatex.exe (file ./App_ISR_member1.pdf): PDF inclusion: found
 PDF version <1.7>, but at most version <1.5> allowed


pdfTeX warning: pdflatex.exe (file ./App_ISR_member1.pdf): PDF inclusion: found
 PDF version <1.7>, but at most version <1.5> allowed
<App_ISR_member1.pdf, id=637, page=1, 614.295pt x 794.97pt>
File: App_ISR_member1.pdf Graphic file (type pdf)
<use App_ISR_member1.pdf, page 1>
Package pdftex.def Info: App_ISR_member1.pdf , page1 used on input line 8.
(pdftex.def)             Requested size: 614.29349pt x 794.96806pt.
File: App_ISR_member1.pdf Graphic file (type pdf)
<use App_ISR_member1.pdf, page 1>
Package pdftex.def Info: App_ISR_member1.pdf , page1 used on input line 8.
(pdftex.def)             Requested size: 614.58406pt x 795.3441pt.
File: App_ISR_member1.pdf Graphic file (type pdf)
<use App_ISR_member1.pdf, page 1>
Package pdftex.def Info: App_ISR_member1.pdf , page1 used on input line 8.
(pdftex.def)             Requested size: 614.58406pt x 795.3441pt.
File: App_ISR_member1.pdf Graphic file (type pdf)
<use App_ISR_member1.pdf, page 1>
Package pdftex.def Info: App_ISR_member1.pdf , page1 used on input line 8.
(pdftex.def)             Requested size: 614.58406pt x 795.3441pt.
File: App_ISR_member1.pdf Graphic file (type pdf)
<use App_ISR_member1.pdf, page 1>
Package pdftex.def Info: App_ISR_member1.pdf , page1 used on input line 8.
(pdftex.def)             Requested size: 614.58406pt x 795.3441pt.
[33 <./App_ISR_member1.pdf>]

pdfTeX warning: pdflatex.exe (file ./App_PASAR_member1.pdf): PDF inclusion: fou
nd PDF version <1.7>, but at most version <1.5> allowed
<App_PASAR_member1.pdf, id=685, 614.295pt x 794.97pt>
File: App_PASAR_member1.pdf Graphic file (type pdf)
<use App_PASAR_member1.pdf>
Package pdftex.def Info: App_PASAR_member1.pdf  used on input line 11.
(pdftex.def)             Requested size: 614.29349pt x 794.96806pt.


pdfTeX warning: pdflatex.exe (file ./App_PASAR_member1.pdf): PDF inclusion: fou
nd PDF version <1.7>, but at most version <1.5> allowed
File: App_PASAR_member1.pdf Graphic file (type pdf)
<use App_PASAR_member1.pdf>
Package pdftex.def Info: App_PASAR_member1.pdf  used on input line 11.
(pdftex.def)             Requested size: 614.29349pt x 794.96806pt.


pdfTeX warning: pdflatex.exe (file ./App_PASAR_member1.pdf): PDF inclusion: fou
nd PDF version <1.7>, but at most version <1.5> allowed


pdfTeX warning: pdflatex.exe (file ./App_PASAR_member1.pdf): PDF inclusion: fou
nd PDF version <1.7>, but at most version <1.5> allowed
<App_PASAR_member1.pdf, id=688, page=1, 614.295pt x 794.97pt>
File: App_PASAR_member1.pdf Graphic file (type pdf)
<use App_PASAR_member1.pdf, page 1>
Package pdftex.def Info: App_PASAR_member1.pdf , page1 used on input line 11.
(pdftex.def)             Requested size: 614.29349pt x 794.96806pt.
File: App_PASAR_member1.pdf Graphic file (type pdf)
<use App_PASAR_member1.pdf, page 1>
Package pdftex.def Info: App_PASAR_member1.pdf , page1 used on input line 11.
(pdftex.def)             Requested size: 614.58406pt x 795.3441pt.
File: App_PASAR_member1.pdf Graphic file (type pdf)
<use App_PASAR_member1.pdf, page 1>
Package pdftex.def Info: App_PASAR_member1.pdf , page1 used on input line 11.
(pdftex.def)             Requested size: 614.58406pt x 795.3441pt.
File: App_PASAR_member1.pdf Graphic file (type pdf)
<use App_PASAR_member1.pdf, page 1>
Package pdftex.def Info: App_PASAR_member1.pdf , page1 used on input line 11.
(pdftex.def)             Requested size: 614.58406pt x 795.3441pt.
File: App_PASAR_member1.pdf Graphic file (type pdf)
<use App_PASAR_member1.pdf, page 1>
Package pdftex.def Info: App_PASAR_member1.pdf , page1 used on input line 11.
(pdftex.def)             Requested size: 614.58406pt x 795.3441pt.
[34 <./App_PASAR_member1.pdf>]

pdfTeX warning: pdflatex.exe (file ./App_PASAR_member1.pdf): PDF inclusion: fou
nd PDF version <1.7>, but at most version <1.5> allowed
<App_PASAR_member1.pdf, id=732, page=2, 614.295pt x 794.97pt>
File: App_PASAR_member1.pdf Graphic file (type pdf)
<use App_PASAR_member1.pdf, page 2>
Package pdftex.def Info: App_PASAR_member1.pdf , page2 used on input line 11.
(pdftex.def)             Requested size: 614.58406pt x 795.3441pt.
File: App_PASAR_member1.pdf Graphic file (type pdf)
<use App_PASAR_member1.pdf, page 2>
Package pdftex.def Info: App_PASAR_member1.pdf , page2 used on input line 11.
(pdftex.def)             Requested size: 614.58406pt x 795.3441pt.
File: App_PASAR_member1.pdf Graphic file (type pdf)
<use App_PASAR_member1.pdf, page 2>
Package pdftex.def Info: App_PASAR_member1.pdf , page2 used on input line 11.
(pdftex.def)             Requested size: 614.58406pt x 795.3441pt.
[35 <./App_PASAR_member1.pdf>]

pdfTeX warning: pdflatex.exe (file ./App_PASAR_member1.pdf): PDF inclusion: fou
nd PDF version <1.7>, but at most version <1.5> allowed
<App_PASAR_member1.pdf, id=766, page=3, 614.295pt x 794.97pt>
File: App_PASAR_member1.pdf Graphic file (type pdf)
<use App_PASAR_member1.pdf, page 3>
Package pdftex.def Info: App_PASAR_member1.pdf , page3 used on input line 11.
(pdftex.def)             Requested size: 614.58406pt x 795.3441pt.
File: App_PASAR_member1.pdf Graphic file (type pdf)
<use App_PASAR_member1.pdf, page 3>
Package pdftex.def Info: App_PASAR_member1.pdf , page3 used on input line 11.
(pdftex.def)             Requested size: 614.58406pt x 795.3441pt.
File: App_PASAR_member1.pdf Graphic file (type pdf)
<use App_PASAR_member1.pdf, page 3>
Package pdftex.def Info: App_PASAR_member1.pdf , page3 used on input line 11.
(pdftex.def)             Requested size: 614.58406pt x 795.3441pt.
[36 <./App_PASAR_member1.pdf>])
pdfTeX warning (ext4): destination with the same identifier (name{appendix.A}) 
has been already used, duplicate ignored
<to be read again> 
                   \relax 
l.159 \chapter{PATENT DRAFT}
                            
Appendix A.
(App_PatentDraft.tex

pdfTeX warning: pdflatex.exe (file ./App_GroupName_PD_IPPF005v01.pdf): PDF incl
usion: found PDF version <1.7>, but at most version <1.5> allowed
<App_GroupName_PD_IPPF005v01.pdf, id=795, page=1, 614.295pt x 794.97pt>
File: App_GroupName_PD_IPPF005v01.pdf Graphic file (type pdf)
<use App_GroupName_PD_IPPF005v01.pdf, page 1>
Package pdftex.def Info: App_GroupName_PD_IPPF005v01.pdf , page1 used on input 
line 2.
(pdftex.def)             Requested size: 433.62001pt x 561.15749pt.


pdfTeX warning: pdflatex.exe (file ./App_GroupName_PD_IPPF006v01.pdf): PDF incl
usion: found PDF version <1.7>, but at most version <1.5> allowed
<App_GroupName_PD_IPPF006v01.pdf, id=796, 794.97pt x 614.295pt>
File: App_GroupName_PD_IPPF006v01.pdf Graphic file (type pdf)
<use App_GroupName_PD_IPPF006v01.pdf>
Package pdftex.def Info: App_GroupName_PD_IPPF006v01.pdf  used on input line 3.

(pdftex.def)             Requested size: 794.96806pt x 614.29349pt.


pdfTeX warning: pdflatex.exe (file ./App_GroupName_PD_IPPF006v01.pdf): PDF incl
usion: found PDF version <1.7>, but at most version <1.5> allowed
File: App_GroupName_PD_IPPF006v01.pdf Graphic file (type pdf)
<use App_GroupName_PD_IPPF006v01.pdf>
Package pdftex.def Info: App_GroupName_PD_IPPF006v01.pdf  used on input line 3.

(pdftex.def)             Requested size: 794.96806pt x 614.29349pt.


pdfTeX warning: pdflatex.exe (file ./App_GroupName_PD_IPPF006v01.pdf): PDF incl
usion: found PDF version <1.7>, but at most version <1.5> allowed


pdfTeX warning: pdflatex.exe (file ./App_GroupName_PD_IPPF006v01.pdf): PDF incl
usion: found PDF version <1.7>, but at most version <1.5> allowed
<App_GroupName_PD_IPPF006v01.pdf, id=799, page=1, 794.97pt x 614.295pt>
File: App_GroupName_PD_IPPF006v01.pdf Graphic file (type pdf)
<use App_GroupName_PD_IPPF006v01.pdf, page 1>
Package pdftex.def Info: App_GroupName_PD_IPPF006v01.pdf , page1 used on input 
line 3.
(pdftex.def)             Requested size: 794.96806pt x 614.29349pt.
File: App_GroupName_PD_IPPF006v01.pdf Graphic file (type pdf)
<use App_GroupName_PD_IPPF006v01.pdf, page 1>
Package pdftex.def Info: App_GroupName_PD_IPPF006v01.pdf , page1 used on input 
line 3.
(pdftex.def)             Requested size: 615.04005pt x 475.25821pt.

Overfull \hbox (17.62482pt too wide) in paragraph at lines 2--3
[][]
 []


Underfull \hbox (badness 10000) in paragraph at lines 2--3

 []

[37

]
Overfull \vbox (22.91924pt too high) has occurred while \output is active []


[38 <./App_GroupName_PD_IPPF005v01.pdf>]
File: App_GroupName_PD_IPPF006v01.pdf Graphic file (type pdf)
<use App_GroupName_PD_IPPF006v01.pdf, page 1>
Package pdftex.def Info: App_GroupName_PD_IPPF006v01.pdf , page1 used on input 
line 3.
(pdftex.def)             Requested size: 615.04005pt x 475.25821pt.
File: App_GroupName_PD_IPPF006v01.pdf Graphic file (type pdf)
<use App_GroupName_PD_IPPF006v01.pdf, page 1>
Package pdftex.def Info: App_GroupName_PD_IPPF006v01.pdf , page1 used on input 
line 3.
(pdftex.def)             Requested size: 615.04005pt x 475.25821pt.
File: App_GroupName_PD_IPPF006v01.pdf Graphic file (type pdf)
<use App_GroupName_PD_IPPF006v01.pdf, page 1>
Package pdftex.def Info: App_GroupName_PD_IPPF006v01.pdf , page1 used on input 
line 3.
(pdftex.def)             Requested size: 615.04005pt x 475.25821pt.
 [39 <./App_GroupName_PD_IPPF006v01.pdf>]

pdfTeX warning: pdflatex.exe (file ./App_GroupName_PD_IPPF007v01.pdf): PDF incl
usion: found PDF version <1.7>, but at most version <1.5> allowed
<App_GroupName_PD_IPPF007v01.pdf, id=888, 597.53236pt x 845.05714pt>
File: App_GroupName_PD_IPPF007v01.pdf Graphic file (type pdf)
<use App_GroupName_PD_IPPF007v01.pdf>
Package pdftex.def Info: App_GroupName_PD_IPPF007v01.pdf  used on input line 4.

(pdftex.def)             Requested size: 597.5309pt x 845.05507pt.


pdfTeX warning: pdflatex.exe (file ./App_GroupName_PD_IPPF007v01.pdf): PDF incl
usion: found PDF version <1.7>, but at most version <1.5> allowed
File: App_GroupName_PD_IPPF007v01.pdf Graphic file (type pdf)
<use App_GroupName_PD_IPPF007v01.pdf>
Package pdftex.def Info: App_GroupName_PD_IPPF007v01.pdf  used on input line 4.

(pdftex.def)             Requested size: 597.5309pt x 845.05507pt.


pdfTeX warning: pdflatex.exe (file ./App_GroupName_PD_IPPF007v01.pdf): PDF incl
usion: found PDF version <1.7>, but at most version <1.5> allowed


pdfTeX warning: pdflatex.exe (file ./App_GroupName_PD_IPPF007v01.pdf): PDF incl
usion: found PDF version <1.7>, but at most version <1.5> allowed
<App_GroupName_PD_IPPF007v01.pdf, id=891, page=1, 597.53236pt x 845.05714pt>
File: App_GroupName_PD_IPPF007v01.pdf Graphic file (type pdf)
<use App_GroupName_PD_IPPF007v01.pdf, page 1>
Package pdftex.def Info: App_GroupName_PD_IPPF007v01.pdf , page1 used on input 
line 4.
(pdftex.def)             Requested size: 597.5309pt x 845.05507pt.
File: App_GroupName_PD_IPPF007v01.pdf Graphic file (type pdf)
<use App_GroupName_PD_IPPF007v01.pdf, page 1>
Package pdftex.def Info: App_GroupName_PD_IPPF007v01.pdf , page1 used on input 
line 4.
(pdftex.def)             Requested size: 562.1455pt x 795.01144pt.
File: App_GroupName_PD_IPPF007v01.pdf Graphic file (type pdf)
<use App_GroupName_PD_IPPF007v01.pdf, page 1>
Package pdftex.def Info: App_GroupName_PD_IPPF007v01.pdf , page1 used on input 
line 4.
(pdftex.def)             Requested size: 562.1455pt x 795.01144pt.
File: App_GroupName_PD_IPPF007v01.pdf Graphic file (type pdf)
<use App_GroupName_PD_IPPF007v01.pdf, page 1>
Package pdftex.def Info: App_GroupName_PD_IPPF007v01.pdf , page1 used on input 
line 4.
(pdftex.def)             Requested size: 562.1455pt x 795.01144pt.
File: App_GroupName_PD_IPPF007v01.pdf Graphic file (type pdf)
<use App_GroupName_PD_IPPF007v01.pdf, page 1>
Package pdftex.def Info: App_GroupName_PD_IPPF007v01.pdf , page1 used on input 
line 4.
(pdftex.def)             Requested size: 562.1455pt x 795.01144pt.
[40 <./App_GroupName_PD_IPPF007v01.pdf>]

pdfTeX warning: pdflatex.exe (file ./App_GroupName_PD_IPPF007v01.pdf): PDF incl
usion: found PDF version <1.7>, but at most version <1.5> allowed
<App_GroupName_PD_IPPF007v01.pdf, id=940, page=2, 597.53236pt x 845.05714pt>
File: App_GroupName_PD_IPPF007v01.pdf Graphic file (type pdf)
<use App_GroupName_PD_IPPF007v01.pdf, page 2>
Package pdftex.def Info: App_GroupName_PD_IPPF007v01.pdf , page2 used on input 
line 4.
(pdftex.def)             Requested size: 562.1455pt x 795.01144pt.
File: App_GroupName_PD_IPPF007v01.pdf Graphic file (type pdf)
<use App_GroupName_PD_IPPF007v01.pdf, page 2>
Package pdftex.def Info: App_GroupName_PD_IPPF007v01.pdf , page2 used on input 
line 4.
(pdftex.def)             Requested size: 562.1455pt x 795.01144pt.
File: App_GroupName_PD_IPPF007v01.pdf Graphic file (type pdf)
<use App_GroupName_PD_IPPF007v01.pdf, page 2>
Package pdftex.def Info: App_GroupName_PD_IPPF007v01.pdf , page2 used on input 
line 4.
(pdftex.def)             Requested size: 562.1455pt x 795.01144pt.
[41 <./App_GroupName_PD_IPPF007v01.pdf>]

pdfTeX warning: pdflatex.exe (file ./App_GroupName_PD_IPPF007v01.pdf): PDF incl
usion: found PDF version <1.7>, but at most version <1.5> allowed
<App_GroupName_PD_IPPF007v01.pdf, id=969, page=3, 597.53236pt x 845.05714pt>
File: App_GroupName_PD_IPPF007v01.pdf Graphic file (type pdf)
<use App_GroupName_PD_IPPF007v01.pdf, page 3>
Package pdftex.def Info: App_GroupName_PD_IPPF007v01.pdf , page3 used on input 
line 4.
(pdftex.def)             Requested size: 562.1455pt x 795.01144pt.
File: App_GroupName_PD_IPPF007v01.pdf Graphic file (type pdf)
<use App_GroupName_PD_IPPF007v01.pdf, page 3>
Package pdftex.def Info: App_GroupName_PD_IPPF007v01.pdf , page3 used on input 
line 4.
(pdftex.def)             Requested size: 562.1455pt x 795.01144pt.
File: App_GroupName_PD_IPPF007v01.pdf Graphic file (type pdf)
<use App_GroupName_PD_IPPF007v01.pdf, page 3>
Package pdftex.def Info: App_GroupName_PD_IPPF007v01.pdf , page3 used on input 
line 4.
(pdftex.def)             Requested size: 562.1455pt x 795.01144pt.
[42 <./App_GroupName_PD_IPPF007v01.pdf>]

pdfTeX warning: pdflatex.exe (file ./App_GroupName_PD_IPPF007v01.pdf): PDF incl
usion: found PDF version <1.7>, but at most version <1.5> allowed
<App_GroupName_PD_IPPF007v01.pdf, id=998, page=4, 597.53236pt x 845.05714pt>
File: App_GroupName_PD_IPPF007v01.pdf Graphic file (type pdf)
<use App_GroupName_PD_IPPF007v01.pdf, page 4>
Package pdftex.def Info: App_GroupName_PD_IPPF007v01.pdf , page4 used on input 
line 4.
(pdftex.def)             Requested size: 562.1455pt x 795.01144pt.
File: App_GroupName_PD_IPPF007v01.pdf Graphic file (type pdf)
<use App_GroupName_PD_IPPF007v01.pdf, page 4>
Package pdftex.def Info: App_GroupName_PD_IPPF007v01.pdf , page4 used on input 
line 4.
(pdftex.def)             Requested size: 562.1455pt x 795.01144pt.
File: App_GroupName_PD_IPPF007v01.pdf Graphic file (type pdf)
<use App_GroupName_PD_IPPF007v01.pdf, page 4>
Package pdftex.def Info: App_GroupName_PD_IPPF007v01.pdf , page4 used on input 
line 4.
(pdftex.def)             Requested size: 562.1455pt x 795.01144pt.
[43 <./App_GroupName_PD_IPPF007v01.pdf>]

pdfTeX warning: pdflatex.exe (file ./App_GroupName_PD_IPPF007v01.pdf): PDF incl
usion: found PDF version <1.7>, but at most version <1.5> allowed
<App_GroupName_PD_IPPF007v01.pdf, id=1027, page=5, 597.53236pt x 845.05714pt>
File: App_GroupName_PD_IPPF007v01.pdf Graphic file (type pdf)
<use App_GroupName_PD_IPPF007v01.pdf, page 5>
Package pdftex.def Info: App_GroupName_PD_IPPF007v01.pdf , page5 used on input 
line 4.
(pdftex.def)             Requested size: 562.1455pt x 795.01144pt.
File: App_GroupName_PD_IPPF007v01.pdf Graphic file (type pdf)
<use App_GroupName_PD_IPPF007v01.pdf, page 5>
Package pdftex.def Info: App_GroupName_PD_IPPF007v01.pdf , page5 used on input 
line 4.
(pdftex.def)             Requested size: 562.1455pt x 795.01144pt.
File: App_GroupName_PD_IPPF007v01.pdf Graphic file (type pdf)
<use App_GroupName_PD_IPPF007v01.pdf, page 5>
Package pdftex.def Info: App_GroupName_PD_IPPF007v01.pdf , page5 used on input 
line 4.
(pdftex.def)             Requested size: 562.1455pt x 795.01144pt.
[44 <./App_GroupName_PD_IPPF007v01.pdf>]

pdfTeX warning: pdflatex.exe (file ./App_GroupName_PD_IPPF008v01.pdf): PDF incl
usion: found PDF version <1.7>, but at most version <1.5> allowed
<App_GroupName_PD_IPPF008v01.pdf, id=1056, 597.58253pt x 845.10733pt>
File: App_GroupName_PD_IPPF008v01.pdf Graphic file (type pdf)
<use App_GroupName_PD_IPPF008v01.pdf>
Package pdftex.def Info: App_GroupName_PD_IPPF008v01.pdf  used on input line 5.

(pdftex.def)             Requested size: 597.58107pt x 845.10527pt.


pdfTeX warning: pdflatex.exe (file ./App_GroupName_PD_IPPF008v01.pdf): PDF incl
usion: found PDF version <1.7>, but at most version <1.5> allowed
File: App_GroupName_PD_IPPF008v01.pdf Graphic file (type pdf)
<use App_GroupName_PD_IPPF008v01.pdf>
Package pdftex.def Info: App_GroupName_PD_IPPF008v01.pdf  used on input line 5.

(pdftex.def)             Requested size: 597.58107pt x 845.10527pt.


pdfTeX warning: pdflatex.exe (file ./App_GroupName_PD_IPPF008v01.pdf): PDF incl
usion: found PDF version <1.7>, but at most version <1.5> allowed


pdfTeX warning: pdflatex.exe (file ./App_GroupName_PD_IPPF008v01.pdf): PDF incl
usion: found PDF version <1.7>, but at most version <1.5> allowed
<App_GroupName_PD_IPPF008v01.pdf, id=1059, page=1, 597.58253pt x 845.10733pt>
File: App_GroupName_PD_IPPF008v01.pdf Graphic file (type pdf)
<use App_GroupName_PD_IPPF008v01.pdf, page 1>
Package pdftex.def Info: App_GroupName_PD_IPPF008v01.pdf , page1 used on input 
line 5.
(pdftex.def)             Requested size: 597.58107pt x 845.10527pt.
File: App_GroupName_PD_IPPF008v01.pdf Graphic file (type pdf)
<use App_GroupName_PD_IPPF008v01.pdf, page 1>
Package pdftex.def Info: App_GroupName_PD_IPPF008v01.pdf , page1 used on input 
line 5.
(pdftex.def)             Requested size: 562.19269pt x 795.05867pt.
File: App_GroupName_PD_IPPF008v01.pdf Graphic file (type pdf)
<use App_GroupName_PD_IPPF008v01.pdf, page 1>
Package pdftex.def Info: App_GroupName_PD_IPPF008v01.pdf , page1 used on input 
line 5.
(pdftex.def)             Requested size: 562.19269pt x 795.05867pt.
File: App_GroupName_PD_IPPF008v01.pdf Graphic file (type pdf)
<use App_GroupName_PD_IPPF008v01.pdf, page 1>
Package pdftex.def Info: App_GroupName_PD_IPPF008v01.pdf , page1 used on input 
line 5.
(pdftex.def)             Requested size: 562.19269pt x 795.05867pt.
File: App_GroupName_PD_IPPF008v01.pdf Graphic file (type pdf)
<use App_GroupName_PD_IPPF008v01.pdf, page 1>
Package pdftex.def Info: App_GroupName_PD_IPPF008v01.pdf , page1 used on input 
line 5.
(pdftex.def)             Requested size: 562.19269pt x 795.05867pt.
[45 <./App_GroupName_PD_IPPF008v01.pdf>]

pdfTeX warning: pdflatex.exe (file ./App_GroupName_PD_IPPF008v01.pdf): PDF incl
usion: found PDF version <1.7>, but at most version <1.5> allowed
<App_GroupName_PD_IPPF008v01.pdf, id=1112, page=2, 597.58253pt x 845.10733pt>
File: App_GroupName_PD_IPPF008v01.pdf Graphic file (type pdf)
<use App_GroupName_PD_IPPF008v01.pdf, page 2>
Package pdftex.def Info: App_GroupName_PD_IPPF008v01.pdf , page2 used on input 
line 5.
(pdftex.def)             Requested size: 562.19269pt x 795.05867pt.
File: App_GroupName_PD_IPPF008v01.pdf Graphic file (type pdf)
<use App_GroupName_PD_IPPF008v01.pdf, page 2>
Package pdftex.def Info: App_GroupName_PD_IPPF008v01.pdf , page2 used on input 
line 5.
(pdftex.def)             Requested size: 562.19269pt x 795.05867pt.
File: App_GroupName_PD_IPPF008v01.pdf Graphic file (type pdf)
<use App_GroupName_PD_IPPF008v01.pdf, page 2>
Package pdftex.def Info: App_GroupName_PD_IPPF008v01.pdf , page2 used on input 
line 5.
(pdftex.def)             Requested size: 562.19269pt x 795.05867pt.
[46 <./App_GroupName_PD_IPPF008v01.pdf>]

pdfTeX warning: pdflatex.exe (file ./App_GroupName_PD_IPPF008v01.pdf): PDF incl
usion: found PDF version <1.7>, but at most version <1.5> allowed
<App_GroupName_PD_IPPF008v01.pdf, id=1142, page=3, 597.58253pt x 845.10733pt>
File: App_GroupName_PD_IPPF008v01.pdf Graphic file (type pdf)
<use App_GroupName_PD_IPPF008v01.pdf, page 3>
Package pdftex.def Info: App_GroupName_PD_IPPF008v01.pdf , page3 used on input 
line 5.
(pdftex.def)             Requested size: 562.19269pt x 795.05867pt.
File: App_GroupName_PD_IPPF008v01.pdf Graphic file (type pdf)
<use App_GroupName_PD_IPPF008v01.pdf, page 3>
Package pdftex.def Info: App_GroupName_PD_IPPF008v01.pdf , page3 used on input 
line 5.
(pdftex.def)             Requested size: 562.19269pt x 795.05867pt.
File: App_GroupName_PD_IPPF008v01.pdf Graphic file (type pdf)
<use App_GroupName_PD_IPPF008v01.pdf, page 3>
Package pdftex.def Info: App_GroupName_PD_IPPF008v01.pdf , page3 used on input 
line 5.
(pdftex.def)             Requested size: 562.19269pt x 795.05867pt.
[47 <./App_GroupName_PD_IPPF008v01.pdf>]

pdfTeX warning: pdflatex.exe (file ./App_GroupName_PD_IPPF008v01.pdf): PDF incl
usion: found PDF version <1.7>, but at most version <1.5> allowed
<App_GroupName_PD_IPPF008v01.pdf, id=1171, page=4, 597.58253pt x 845.10733pt>
File: App_GroupName_PD_IPPF008v01.pdf Graphic file (type pdf)
<use App_GroupName_PD_IPPF008v01.pdf, page 4>
Package pdftex.def Info: App_GroupName_PD_IPPF008v01.pdf , page4 used on input 
line 5.
(pdftex.def)             Requested size: 562.19269pt x 795.05867pt.
File: App_GroupName_PD_IPPF008v01.pdf Graphic file (type pdf)
<use App_GroupName_PD_IPPF008v01.pdf, page 4>
Package pdftex.def Info: App_GroupName_PD_IPPF008v01.pdf , page4 used on input 
line 5.
(pdftex.def)             Requested size: 562.19269pt x 795.05867pt.
File: App_GroupName_PD_IPPF008v01.pdf Graphic file (type pdf)
<use App_GroupName_PD_IPPF008v01.pdf, page 4>
Package pdftex.def Info: App_GroupName_PD_IPPF008v01.pdf , page4 used on input 
line 5.
(pdftex.def)             Requested size: 562.19269pt x 795.05867pt.
[48 <./App_GroupName_PD_IPPF008v01.pdf>])
Appendix B.
(App_Timetable.tex [49

] [50]) [51]
Appendix C.
(App_Budget.tex) [52

]
Appendix D.
(App_Flowcharts.tex) [53

]
Appendix E.
(App_Codes.tex
Package hyperref Info: bookmark level for unknown algorithm defaults to 0 on in
put line 6.
) [54

]
Appendix F.
(App_Circuits.tex) [55

]
Appendix G.
(App_Data.tex) [56

]
Appendix H.
(App_Plagiarism.tex

pdfTeX warning: pdflatex.exe (file ./Turnitin_sample_abstract.pdf): PDF inclusi
on: found PDF version <1.7>, but at most version <1.5> allowed
<Turnitin_sample_abstract.pdf, id=1237, page=1, 614.295pt x 794.97pt>
File: Turnitin_sample_abstract.pdf Graphic file (type pdf)
<use Turnitin_sample_abstract.pdf, page 1>
Package pdftex.def Info: Turnitin_sample_abstract.pdf , page1 used on input lin
e 4.
(pdftex.def)             Requested size: 433.62001pt x 561.15749pt.

Overfull \hbox (17.62482pt too wide) in paragraph at lines 4--5
[][] 
 []

[57

 <./Turnitin_sample_abstract.pdf>]

pdfTeX warning: pdflatex.exe (file ./Turnitin_sample_abstract.pdf): PDF inclusi
on: found PDF version <1.7>, but at most version <1.5> allowed
<Turnitin_sample_abstract.pdf, id=1243, page=2, 614.295pt x 794.97pt>
File: Turnitin_sample_abstract.pdf Graphic file (type pdf)
<use Turnitin_sample_abstract.pdf, page 2>
Package pdftex.def Info: Turnitin_sample_abstract.pdf , page2 used on input lin
e 6.
(pdftex.def)             Requested size: 433.62001pt x 561.15749pt.

Overfull \hbox (17.62482pt too wide) in paragraph at lines 6--7
[][] 
 []

[58 <./Turnitin_sample_abstract.pdf>]

pdfTeX warning: pdflatex.exe (file ./Turnitin_sample_abstract.pdf): PDF inclusi
on: found PDF version <1.7>, but at most version <1.5> allowed
<Turnitin_sample_abstract.pdf, id=1250, page=3, 614.295pt x 794.97pt>
File: Turnitin_sample_abstract.pdf Graphic file (type pdf)
<use Turnitin_sample_abstract.pdf, page 3>
Package pdftex.def Info: Turnitin_sample_abstract.pdf , page3 used on input lin
e 8.
(pdftex.def)             Requested size: 433.62001pt x 561.15749pt.

Overfull \hbox (17.62482pt too wide) in paragraph at lines 8--9
[][] 
 []

[59 <./Turnitin_sample_abstract.pdf>]

pdfTeX warning: pdflatex.exe (file ./Turnitin_sample_abstract.pdf): PDF inclusi
on: found PDF version <1.7>, but at most version <1.5> allowed
<Turnitin_sample_abstract.pdf, id=1256, page=4, 614.295pt x 794.97pt>
File: Turnitin_sample_abstract.pdf Graphic file (type pdf)
<use Turnitin_sample_abstract.pdf, page 4>
Package pdftex.def Info: Turnitin_sample_abstract.pdf , page4 used on input lin
e 10.
(pdftex.def)             Requested size: 433.62001pt x 561.15749pt.

Overfull \hbox (17.62482pt too wide) in paragraph at lines 10--11
[][] 
 []

[60 <./Turnitin_sample_abstract.pdf>]

pdfTeX warning: pdflatex.exe (file ./Turnitin_sample_abstract.pdf): PDF inclusi
on: found PDF version <1.7>, but at most version <1.5> allowed
<Turnitin_sample_abstract.pdf, id=1262, page=5, 614.295pt x 794.97pt>
File: Turnitin_sample_abstract.pdf Graphic file (type pdf)
<use Turnitin_sample_abstract.pdf, page 5>
Package pdftex.def Info: Turnitin_sample_abstract.pdf , page5 used on input lin
e 12.
(pdftex.def)             Requested size: 433.62001pt x 561.15749pt.

Overfull \hbox (17.62482pt too wide) in paragraph at lines 12--13
[][] 
 []

[61 <./Turnitin_sample_abstract.pdf>]

pdfTeX warning: pdflatex.exe (file ./Turnitin_sample_abstract.pdf): PDF inclusi
on: found PDF version <1.7>, but at most version <1.5> allowed
<Turnitin_sample_abstract.pdf, id=1268, page=6, 614.295pt x 794.97pt>
File: Turnitin_sample_abstract.pdf Graphic file (type pdf)
<use Turnitin_sample_abstract.pdf, page 6>
Package pdftex.def Info: Turnitin_sample_abstract.pdf , page6 used on input lin
e 14.
(pdftex.def)             Requested size: 433.62001pt x 561.15749pt.

Overfull \hbox (17.62482pt too wide) in paragraph at lines 14--15
[][] 
 []

[62 <./Turnitin_sample_abstract.pdf>]

pdfTeX warning: pdflatex.exe (file ./Turnitin_sample_abstract.pdf): PDF inclusi
on: found PDF version <1.7>, but at most version <1.5> allowed
<Turnitin_sample_abstract.pdf, id=1274, page=7, 614.295pt x 794.97pt>
File: Turnitin_sample_abstract.pdf Graphic file (type pdf)
<use Turnitin_sample_abstract.pdf, page 7>
Package pdftex.def Info: Turnitin_sample_abstract.pdf , page7 used on input lin
e 16.
(pdftex.def)             Requested size: 433.62001pt x 561.15749pt.

Overfull \hbox (17.62482pt too wide) in paragraph at lines 16--17
[][] 
 []

[63 <./Turnitin_sample_abstract.pdf>]

pdfTeX warning: pdflatex.exe (file ./Turnitin_sample_abstract.pdf): PDF inclusi
on: found PDF version <1.7>, but at most version <1.5> allowed
<Turnitin_sample_abstract.pdf, id=1280, page=8, 614.295pt x 794.97pt>
File: Turnitin_sample_abstract.pdf Graphic file (type pdf)
<use Turnitin_sample_abstract.pdf, page 8>
Package pdftex.def Info: Turnitin_sample_abstract.pdf , page8 used on input lin
e 18.
(pdftex.def)             Requested size: 433.62001pt x 561.15749pt.
)
Overfull \hbox (17.62482pt too wide) in paragraph at lines 18--216
[][]
 []


Underfull \hbox (badness 10000) in paragraph at lines 18--216

 []

[64 <./Turnitin_sample_abstract.pdf>]
Appendix I.
(App_EthicsClearance.tex

pdfTeX warning: pdflatex.exe (file ./App_EthicsClearance.pdf): PDF inclusion: f
ound PDF version <1.7>, but at most version <1.5> allowed
<App_EthicsClearance.pdf, id=1287, page=1, 614.295pt x 794.97pt>
File: App_EthicsClearance.pdf Graphic file (type pdf)
<use App_EthicsClearance.pdf, page 1>
Package pdftex.def Info: App_EthicsClearance.pdf , page1 used on input line 1.
(pdftex.def)             Requested size: 433.62001pt x 561.15749pt.

Overfull \hbox (17.62482pt too wide) in paragraph at lines 1--2
[][] 
 []

[65

 <./App_EthicsClearance.pdf>]

pdfTeX warning: pdflatex.exe (file ./App_EthicsClearance.pdf): PDF inclusion: f
ound PDF version <1.7>, but at most version <1.5> allowed
<App_EthicsClearance.pdf, id=1322, page=2, 614.295pt x 794.97pt>
File: App_EthicsClearance.pdf Graphic file (type pdf)
<use App_EthicsClearance.pdf, page 2>
Package pdftex.def Info: App_EthicsClearance.pdf , page2 used on input line 3.
(pdftex.def)             Requested size: 433.62001pt x 561.15749pt.
)
Overfull \hbox (17.62482pt too wide) in paragraph at lines 3--222
[][]
 []


Underfull \hbox (badness 10000) in paragraph at lines 3--222

 []

[66 <./App_EthicsClearance.pdf>]
Appendix J.
(App_CV_member1.tex
<cea_seal.jpg, id=1345, 763.8939pt x 764.6166pt>
File: cea_seal.jpg Graphic file (type jpg)
<use cea_seal.jpg>
Package pdftex.def Info: cea_seal.jpg  used on input line 11.
(pdftex.def)             Requested size: 72.26761pt x 72.26598pt.
 [67

 <./cea_seal.jpg>]) [68] (App_CV_member2.tex
<ecelogo.jpg, id=1355, 620.76126pt x 613.1539pt>
File: ecelogo.jpg Graphic file (type jpg)
<use ecelogo.jpg>
Package pdftex.def Info: ecelogo.jpg  used on input line 11.
(pdftex.def)             Requested size: 72.2622pt x 72.26546pt.
 [69 <./ecelogo.jpg>]) [70] (MightyBreadBoards_Main_2024_12_09.aux)
 ***********
LaTeX2e <2023-06-01> patch level 1
L3 programming layer <2023-08-29>
 ***********


LaTeX Warning: There were undefined references.

Package rerunfilecheck Info: File `MightyBreadBoards_Main_2024_12_09.out' has n
ot changed.
(rerunfilecheck)             Checksum: 53638833250A81D0A25375AE164B7374;8218.

Package biblatex Warning: Please (re)run Biber on the file:
(biblatex)                MightyBreadBoards_Main_2024_12_09
(biblatex)                and rerun LaTeX afterwards.

Package logreq Info: Writing requests to 'MightyBreadBoards_Main_2024_12_09.run
.xml'.
\openout1 = `MightyBreadBoards_Main_2024_12_09.run.xml'.

 ) 
Here is how much of TeX's memory you used:
 37985 strings out of 475248
 729649 string characters out of 5767616
 1951785 words of memory out of 5000000
 58651 multiletter control sequences out of 15000+600000
 572283 words of font info for 67 fonts, out of 8000000 for 9000
 1141 hyphenation exceptions out of 8191
 115i,17n,110p,1278b,1138s stack positions out of 10000i,1000n,20000p,200000b,200000s
<C:/Program Files/MiKTeX/fonts/type1/public/amsfonts/cm/cmex10.pfb><C:/Progra
m Files/MiKTeX/fonts/type1/public/amsfonts/cm/cmmi12.pfb><C:/Program Files/MiKT
eX/fonts/type1/public/amsfonts/cm/cmmi6.pfb><C:/Program Files/MiKTeX/fonts/type
1/public/amsfonts/cm/cmmi8.pfb><C:/Program Files/MiKTeX/fonts/type1/public/amsf
onts/cm/cmr12.pfb><C:/Program Files/MiKTeX/fonts/type1/public/amsfonts/cm/cmr6.
pfb><C:/Program Files/MiKTeX/fonts/type1/public/amsfonts/cm/cmr8.pfb><C:/Progra
m Files/MiKTeX/fonts/type1/public/amsfonts/cm/cmsy10.pfb><C:/Program Files/MiKT
eX/fonts/type1/public/amsfonts/cm/cmsy6.pfb><C:/Program Files/MiKTeX/fonts/type
1/public/amsfonts/cm/cmsy8.pfb><C:/Program Files/MiKTeX/fonts/type1/public/amsf
onts/cm/cmtt12.pfb><C:/Program Files/MiKTeX/fonts/type1/urw/helvetic/uhvb8a.pfb
><C:/Program Files/MiKTeX/fonts/type1/urw/helvetic/uhvr8a.pfb>
Output written on MightyBreadBoards_Main_2024_12_09.pdf (79 pages, 3035002 byte
s).
PDF statistics:
 1460 PDF objects out of 1728 (max. 8388607)
 164 named destinations out of 1000 (max. 500000)
 698 words of extra memory for PDF output out of 10000 (max. 10000000)

